Component: ARM Compiler 5.05 update 1 (build 106) Tool: armlink [4d0efa]

==============================================================================

Section Cross References

    system_stm32f10x.o(.text) refers to system_stm32f10x.o(.data) for SystemCoreClock
    startup_stm32f10x_hd.o(STACK) refers (Special) to heapauxi.o(.text) for __use_two_region_memory
    startup_stm32f10x_hd.o(HEAP) refers (Special) to heapauxi.o(.text) for __use_two_region_memory
    startup_stm32f10x_hd.o(RESET) refers (Special) to heapauxi.o(.text) for __use_two_region_memory
    startup_stm32f10x_hd.o(RESET) refers to startup_stm32f10x_hd.o(STACK) for __initial_sp
    startup_stm32f10x_hd.o(RESET) refers to startup_stm32f10x_hd.o(.text) for Reset_Handler
    startup_stm32f10x_hd.o(RESET) refers to stm32f10x_it.o(.text) for NMI_Handler
    startup_stm32f10x_hd.o(RESET) refers to ads1292.o(.text) for EXTI9_5_IRQHandler
    startup_stm32f10x_hd.o(RESET) refers to timer.o(.text) for TIM2_IRQHandler
    startup_stm32f10x_hd.o(RESET) refers to usart.o(.text) for USART1_IRQHandler
    startup_stm32f10x_hd.o(.text) refers (Special) to heapauxi.o(.text) for __use_two_region_memory
    startup_stm32f10x_hd.o(.text) refers to system_stm32f10x.o(.text) for SystemInit
    startup_stm32f10x_hd.o(.text) refers to __main.o(!!!main) for __main
    startup_stm32f10x_hd.o(.text) refers to startup_stm32f10x_hd.o(HEAP) for Heap_Mem
    startup_stm32f10x_hd.o(.text) refers to startup_stm32f10x_hd.o(STACK) for Stack_Mem
    stm32f10x_adc.o(.text) refers to stm32f10x_rcc.o(.text) for RCC_APB2PeriphResetCmd
    stm32f10x_bkp.o(.text) refers to stm32f10x_rcc.o(.text) for RCC_BackupResetCmd
    stm32f10x_can.o(.text) refers to stm32f10x_rcc.o(.text) for RCC_APB1PeriphResetCmd
    stm32f10x_cec.o(.text) refers to stm32f10x_rcc.o(.text) for RCC_APB1PeriphResetCmd
    stm32f10x_dac.o(.text) refers to stm32f10x_rcc.o(.text) for RCC_APB1PeriphResetCmd
    stm32f10x_gpio.o(.text) refers to stm32f10x_rcc.o(.text) for RCC_APB2PeriphResetCmd
    stm32f10x_i2c.o(.text) refers to stm32f10x_rcc.o(.text) for RCC_APB1PeriphResetCmd
    stm32f10x_pwr.o(.text) refers to stm32f10x_rcc.o(.text) for RCC_APB1PeriphResetCmd
    stm32f10x_rcc.o(.text) refers to stm32f10x_rcc.o(.data) for APBAHBPrescTable
    stm32f10x_spi.o(.text) refers to stm32f10x_rcc.o(.text) for RCC_APB2PeriphResetCmd
    stm32f10x_tim.o(.text) refers to stm32f10x_rcc.o(.text) for RCC_APB2PeriphResetCmd
    stm32f10x_usart.o(.text) refers to stm32f10x_rcc.o(.text) for RCC_APB2PeriphResetCmd
    stm32f10x_wwdg.o(.text) refers to stm32f10x_rcc.o(.text) for RCC_APB1PeriphResetCmd
    main.o(.text) refers to rt_memclr_w.o(.text) for __aeabi_memclr4
    main.o(.text) refers to system_stm32f10x.o(.text) for SystemInit
    main.o(.text) refers to delay.o(.text) for delay_init
    main.o(.text) refers to usart.o(.text) for uart1_init
    main.o(.text) refers to dma.o(.text) for DMA_Config
    main.o(.text) refers to stm32f10x_usart.o(.text) for USART_DMACmd
    main.o(.text) refers to adc.o(.text) for Adc_Init
    main.o(.text) refers to ads1292.o(.text) for ADS1292_Init
    main.o(.text) refers to __2printf.o(.text) for __2printf
    main.o(.text) refers to timer.o(.text) for TIM2_Init
    main.o(.text) refers to dflt_clz.o(x$fpl$dfltu) for __aeabi_ui2d
    main.o(.text) refers to dmul.o(x$fpl$dmul) for __aeabi_dmul
    main.o(.text) refers to daddsub_clz.o(x$fpl$drsb) for __aeabi_drsub
    main.o(.text) refers to daddsub_clz.o(x$fpl$dsub) for __aeabi_dsub
    main.o(.text) refers to daddsub_clz.o(x$fpl$dadd) for __aeabi_dadd
    main.o(.text) refers to dfixu.o(x$fpl$dfixu) for __aeabi_d2uiz
    main.o(.text) refers to main.o(.data) for f_n
    main.o(.text) refers to main.o(.bss) for y
    main.o(.text) refers to ads1292.o(.data) for ads1292_recive_flag
    main.o(.text) refers to ads1292.o(.bss) for ads1292_Cache
    ads1292.o(.text) refers to _printf_percent.o(.ARM.Collect$$_printf_percent$$00000000) for _printf_percent
    ads1292.o(.text) refers to _printf_d.o(.ARM.Collect$$_printf_percent$$00000009) for _printf_d
    ads1292.o(.text) refers to _printf_x.o(.ARM.Collect$$_printf_percent$$0000000C) for _printf_x
    ads1292.o(.text) refers to _printf_dec.o(.text) for _printf_int_dec
    ads1292.o(.text) refers to _printf_hex_int_ll_ptr.o(.text) for _printf_longlong_hex
    ads1292.o(.text) refers to spi.o(.text) for SPI2_ReadWriteByte
    ads1292.o(.text) refers to delay.o(.text) for delay_us
    ads1292.o(.text) refers to __2printf.o(.text) for __2printf
    ads1292.o(.text) refers to stm32f10x_rcc.o(.text) for RCC_APB2PeriphClockCmd
    ads1292.o(.text) refers to stm32f10x_gpio.o(.text) for GPIO_Init
    ads1292.o(.text) refers to stm32f10x_exti.o(.text) for EXTI_ClearITPendingBit
    ads1292.o(.text) refers to misc.o(.text) for NVIC_PriorityGroupConfig
    ads1292.o(.text) refers to ads1292.o(.bss) for ads1292_Cache
    ads1292.o(.text) refers to ads1292.o(.data) for ads1292_recive_flag
[...]
    .text                                    0x0800481c   Section        0  _printf_wchar.o(.text)
    .text                                    0x08004848   Section        0  ferror.o(.text)
    .text                                    0x08004850   Section        0  _wcrtomb.o(.text)
    .text                                    0x08004890   Section       74  sys_stackheap_outer.o(.text)
    .text                                    0x080048dc   Section       16  rt_ctype_table.o(.text)
    .text                                    0x080048ec   Section        8  rt_locale_intlibspace.o(.text)
    .text                                    0x080048f4   Section        0  _printf_fp_infnan.o(.text)
    .text                                    0x08004974   Section        0  bigflt0.o(.text)
    .text                                    0x08004a50   Section        0  exit.o(.text)
    .text                                    0x08004a5c   Section        8  libspace.o(.text)
    .text                                    0x08004a64   Section      128  strcmpv7m.o(.text)
    CL$$btod_d2e                             0x08004ae4   Section       62  btod.o(CL$$btod_d2e)
    CL$$btod_d2e_denorm_low                  0x08004b22   Section       70  btod.o(CL$$btod_d2e_denorm_low)
    CL$$btod_d2e_norm_op1                    0x08004b68   Section       96  btod.o(CL$$btod_d2e_norm_op1)
    CL$$btod_div_common                      0x08004bc8   Section      824  btod.o(CL$$btod_div_common)
    CL$$btod_e2e                             0x08004f00   Section      198  btod.o(CL$$btod_e2e)
    CL$$btod_ediv                            0x08004fc6   Section       40  btod.o(CL$$btod_ediv)
    CL$$btod_emul                            0x08004fee   Section       40  btod.o(CL$$btod_emul)
    CL$$btod_mult_common                     0x08005016   Section      580  btod.o(CL$$btod_mult_common)
    i.__ARM_fpclassify                       0x0800525a   Section        0  fpclassify.o(i.__ARM_fpclassify)
    i._is_digit                              0x08005282   Section        0  __printf_wp.o(i._is_digit)
    locale$$code                             0x08005290   Section       44  lc_numeric_c.o(locale$$code)
    locale$$code                             0x080052bc   Section       44  lc_ctype_c.o(locale$$code)
    x$fpl$dadd                               0x080052e8   Section      336  daddsub_clz.o(x$fpl$dadd)
    _dadd1                                   0x080052f9   Thumb Code     0  daddsub_clz.o(x$fpl$dadd)
    x$fpl$dfixu                              0x08005438   Section       90  dfixu.o(x$fpl$dfixu)
    x$fpl$dfltu                              0x08005492   Section       38  dflt_clz.o(x$fpl$dfltu)
    x$fpl$dmul                               0x080054b8   Section      340  dmul.o(x$fpl$dmul)
    x$fpl$dnaninf                            0x0800560c   Section      156  dnaninf.o(x$fpl$dnaninf)
    x$fpl$dretinf                            0x080056a8   Section       12  dretinf.o(x$fpl$dretinf)
    x$fpl$drsb                               0x080056b4   Section       22  daddsub_clz.o(x$fpl$drsb)
    x$fpl$dsub                               0x080056cc   Section      468  daddsub_clz.o(x$fpl$dsub)
    _dsub1                                   0x080056dd   Thumb Code     0  daddsub_clz.o(x$fpl$dsub)
    x$fpl$printf1                            0x080058a0   Section        4  printf1.o(x$fpl$printf1)
    x$fpl$printf2                            0x080058a4   Section        4  printf2.o(x$fpl$printf2)
    .constdata                               0x080058a8   Section       40  _printf_hex_int_ll_ptr.o(.constdata)
    x$fpl$usenofp                            0x080058a8   Section        0  usenofp.o(x$fpl$usenofp)
    uc_hextab                                0x080058a8   Data          20  _printf_hex_int_ll_ptr.o(.constdata)
    lc_hextab                                0x080058bc   Data          20  _printf_hex_int_ll_ptr.o(.constdata)
    .constdata                               0x080058d0   Section       17  __printf_flags_ss_wp.o(.constdata)
    maptable                                 0x080058d0   Data          17  __printf_flags_ss_wp.o(.constdata)
    .constdata                               0x080058e4   Section        8  _printf_wctomb.o(.constdata)
    initial_mbstate                          0x080058e4   Data           8  _printf_wctomb.o(.constdata)
    .constdata                               0x080058ec   Section       38  _printf_fp_hex.o(.constdata)
    lc_hextab                                0x080058ec   Data          19  _printf_fp_hex.o(.constdata)
    uc_hextab                                0x080058ff   Data          19  _printf_fp_hex.o(.constdata)
    .constdata                               0x08005914   Section      148  bigflt0.o(.constdata)
    tenpwrs_x                                0x08005914   Data          60  bigflt0.o(.constdata)
    tenpwrs_i                                0x08005950   Data          64  bigflt0.o(.constdata)
    locale$$data                             0x080059c8   Section       28  lc_numeric_c.o(locale$$data)
    __lcnum_c_name                           0x080059cc   Data           2  lc_numeric_c.o(locale$$data)
    __lcnum_c_start                          0x080059d4   Data           0  lc_numeric_c.o(locale$$data)
    __lcnum_c_point                          0x080059e0   Data           0  lc_numeric_c.o(locale$$data)
    __lcnum_c_thousands                      0x080059e2   Data           0  lc_numeric_c.o(locale$$data)
    __lcnum_c_grouping                       0x080059e3   Data           0  lc_numeric_c.o(locale$$data)
    locale$$data                             0x080059e4   Section      272  lc_ctype_c.o(locale$$data)
    __lcnum_c_end                            0x080059e4   Data           0  lc_numeric_c.o(locale$$data)
    __lcctype_c_name                         0x080059e8   Data           2  lc_ctype_c.o(locale$$data)
    __lcctype_c_start                        0x080059f0   Data           0  lc_ctype_c.o(locale$$data)
    __lcctype_c_end                          0x08005af4   Data           0  lc_ctype_c.o(locale$$data)
    .data                                    0x20000000   Section       20  system_stm32f10x.o(.data)
    .data                                    0x20000014   Section       20  stm32f10x_rcc.o(.data)
    APBAHBPrescTable                         0x20000014   Data          16  stm32f10x_rcc.o(.data)
    ADCPrescTable                            0x20000024   Data           4  stm32f10x_rcc.o(.data)
    .data                                    0x20000028   Section        2  main.o(.data)
    .data                                    0x2000002a   Section       32  ads1292.o(.data)
    .data                                    0x2000004a   Section        4  delay.o(.data)
    fac_us                                   0x2000004a   Data           1  delay.o(.data)
    fac_ms                                   0x2000004c   Data           2  delay.o(.data)
    .data                                    0x20000050   Section        8  usart.o(.data)
    .bss                                     0x20000058   Section       24  main.o(.bss)
    .bss                                     0x20000070   Section       21  ads1292.o(.bss)
    .bss                                     0x20000085   Section      765  usart.o(.bss)
    .bss                                     0x20000384   Section       96  libspace.o(.bss)
    HEAP                                     0x200003e8   Section      512  startup_stm32f10x_hd.o(HEAP)
    Heap_Mem                                 0x200003e8   Data         512  startup_stm32f10x_hd.o(HEAP)
    STACK                                    0x200005e8   Section     1024  startup_stm32f10x_hd.o(STACK)
    Stack_Mem                                0x200005e8   Data        1024  startup_stm32f10x_hd.o(STACK)
    __initial_sp                             0x200009e8   Data           0  startup_stm32f10x_hd.o(STACK)

    Global Symbols

    Symbol Name                              Value     Ov Type        Size  Object(Section)

    BuildAttributes$$THM_ISAv4$P$D$K$B$S$PE$A:L22UL41UL21$X:L11$S22US41US21$IEEE1$IW$USESV6$~STKCKD$USESV7$~SHL$OTIME$ROPI$IEEEJ$EBA8$UX$STANDARDLIB$REQ8$PRES8$EABIv2 0x00000000   Number         0  anon$$obj.o ABSOLUTE
    __ARM_use_no_argv                        0x00000000   Number         0  main.o ABSOLUTE
    _printf_flags                            0x00000000   Number         0  printf_stubs.o ABSOLUTE
    _printf_return_value                     0x00000000   Number         0  printf_stubs.o ABSOLUTE
    _printf_sizespec                         0x00000000   Number         0  printf_stubs.o ABSOLUTE
    _printf_widthprec                        0x00000000   Number         0  printf_stubs.o ABSOLUTE
    __ARM_exceptions_init                     - Undefined Weak Reference
    __alloca_initialize                       - Undefined Weak Reference
    __arm_preinit_                            - Undefined Weak Reference
    __cpp_initialize__aeabi_                  - Undefined Weak Reference
    __cxa_finalize                            - Undefined Weak Reference
    __sigvec_lookup                           - Undefined Weak Reference
    _atexit_init                              - Undefined Weak Reference
    _call_atexit_fns                          - Undefined Weak Reference
    _clock_init                               - Undefined Weak Reference
    _fp_trap_init                             - Undefined Weak Reference
    _fp_trap_shutdown                         - Undefined Weak Reference
    _get_lc_collate                           - Undefined Weak Reference
    _get_lc_monetary                          - Undefined Weak Reference
    _get_lc_time                              - Undefined Weak Reference
    _getenv_init                              - Undefined Weak Reference
    _handle_redirection                       - Undefined Weak Reference
    _init_alloc                               - Undefined Weak Reference
    _init_user_alloc                          - Undefined Weak Reference
    _initio                                   - Undefined Weak Reference
    _mutex_acquire                            - Undefined Weak Reference
    _mutex_release                            - Undefined Weak Reference
    _printf_mbtowc                            - Undefined Weak Reference
    _printf_wc                                - Undefined Weak Reference
    _rand_init                                - Undefined Weak Reference
    _signal_finish                            - Undefined Weak Reference
    _signal_init                              - Undefined Weak Reference
    _terminate_alloc                          - Undefined Weak Reference
    _terminate_user_alloc                     - Undefined Weak Reference
    _terminateio                              - Undefined Weak Reference
    __Vectors_Size                           0x00000130   Number         0  startup_stm32f10x_hd.o ABSOLUTE
    __Vectors                                0x08000000   Data           4  startup_stm32f10x_hd.o(RESET)
    __Vectors_End                            0x08000130   Data           0  startup_stm32f10x_hd.o(RESET)
    __main                                   0x08000131   Thumb Code     8  __main.o(!!!main)
    __scatterload                            0x08000139   Thumb Code     0  __scatter.o(!!!scatter)
    __scatterload_rt2                        0x08000139   Thumb Code    44  __scatter.o(!!!scatter)
    __scatterload_rt2_thumb_only             0x08000139   Thumb Code     0  __scatter.o(!!!scatter)
    __scatterload_null                       0x08000147   Thumb Code     0  __scatter.o(!!!scatter)
    __scatterload_copy                       0x0800016d   Thumb Code    26  __scatter_copy.o(!!handler_copy)
    __scatterload_zeroinit                   0x08000189   Thumb Code    28  __scatter_zi.o(!!handler_zi)
    _printf_n                                0x080001a5   Thumb Code     0  _printf_n.o(.ARM.Collect$$_printf_percent$$00000001)
    _printf_percent                          0x080001a5   Thumb Code     0  _printf_percent.o(.ARM.Collect$$_printf_percent$$00000000)
    _printf_p                                0x080001ab   Thumb Code     0  _printf_p.o(.ARM.Collect$$_printf_percent$$00000002)
    _printf_f                                0x080001b1   Thumb Code     0  _printf_f.o(.ARM.Collect$$_printf_percent$$00000003)
    _printf_e                                0x080001b7   Thumb Code     0  _printf_e.o(.ARM.Collect$$_printf_percent$$00000004)
    _printf_g                                0x080001bd   Thumb Code     0  _printf_g.o(.ARM.Collect$$_printf_percent$$00000005)
    _printf_a                                0x080001c3   Thumb Code     0  _printf_a.o(.ARM.Collect$$_printf_percent$$00000006)
    _printf_ll                               0x080001c9   Thumb Code     0  _printf_ll.o(.ARM.Collect$$_printf_percent$$00000007)
    _printf_i                                0x080001d3   Thumb Code     0  _printf_i.o(.ARM.Collect$$_printf_percent$$00000008)
    _printf_d                                0x080001d9   Thumb Code     0  _printf_d.o(.ARM.Collect$$_printf_percent$$00000009)
    _printf_u                                0x080001df   Thumb Code     0  _printf_u.o(.ARM.Collect$$_printf_percent$$0000000A)
    _printf_o                                0x080001e5   Thumb Code     0  _printf_o.o(.ARM.Collect$$_printf_percent$$0000000B)
    _printf_x                                0x080001eb   Thumb Code     0  _printf_x.o(.ARM.Collect$$_printf_percent$$0000000C)
    _printf_lli                              0x080001f1   Thumb Code     0  _printf_lli.o(.ARM.Collect$$_printf_percent$$0000000D)
    _printf_lld                              0x080001f7   Thumb Code     0  _printf_lld.o(.ARM.Collect$$_printf_percent$$0000000E)
    _printf_llu                              0x080001fd   Thumb Code     0  _printf_llu.o(.ARM.Collect$$_printf_percent$$0000000F)
    _printf_llo                              0x08000203   Thumb Code     0  _printf_llo.o(.ARM.Collect$$_printf_percent$$00000010)
    _printf_llx                              0x08000209   Thumb Code     0  _printf_llx.o(.ARM.Collect$$_printf_percent$$00000011)
    _printf_l                                0x0800020f   Thumb Code     0  _printf_l.o(.ARM.Collect$$_printf_percent$$00000012)
    _printf_c                                0x08000219   Thumb Code     0  _printf_c.o(.ARM.Collect$$_printf_percent$$00000013)
    _printf_s                                0x0800021f   Thumb Code     0  _printf_s.o(.ARM.Collect$$_printf_percent$$00000014)
    _printf_lc                               0x08000225   Thumb Code     0  _printf_lc.o(.ARM.Collect$$_printf_percent$$00000015)
    _printf_ls                               0x0800022b   Thumb Code     0  _printf_ls.o(.ARM.Collect$$_printf_percent$$00000016)
    _printf_percent_end                      0x08000231   Thumb Code     0  _printf_percent_end.o(.ARM.Collect$$_printf_percent$$00000017)
    __rt_lib_init                            0x08000235   Thumb Code     0  libinit.o(.ARM.Collect$$libinit$$00000000)
    __rt_lib_init_fp_1                       0x08000237   Thumb Code     0  libinit2.o(.ARM.Collect$$libinit$$00000002)
    __rt_lib_init_heap_1                     0x08000237   Thumb Code     0  libinit2.o(.ARM.Collect$$libinit$$0000000A)
    __rt_lib_init_lc_common                  0x08000237   Thumb Code     0  libinit2.o(.ARM.Collect$$libinit$$0000000F)
    __rt_lib_init_preinit_1                  0x08000237   Thumb Code     0  libinit2.o(.ARM.Collect$$libinit$$00000004)
    __rt_lib_init_rand_1                     0x08000237   Thumb Code     0  libinit2.o(.ARM.Collect$$libinit$$0000000E)
    __rt_lib_init_user_alloc_1               0x08000237   Thumb Code     0  libinit2.o(.ARM.Collect$$libinit$$0000000C)
    __rt_lib_init_lc_collate_1               0x0800023d   Thumb Code     0  libinit2.o(.ARM.Collect$$libinit$$00000011)
    __rt_lib_init_lc_ctype_2                 0x0800023d   Thumb Code     0  libinit2.o(.ARM.Collect$$libinit$$00000012)
    __rt_lib_init_lc_ctype_1                 0x08000249   Thumb Code     0  libinit2.o(.ARM.Collect$$libinit$$00000013)
    __rt_lib_init_lc_monetary_1              0x08000249   Thumb Code     0  libinit2.o(.ARM.Collect$$libinit$$00000015)
    __rt_lib_init_lc_numeric_2               0x08000249   Thumb Code     0  libinit2.o(.ARM.Collect$$libinit$$00000016)
    __rt_lib_init_alloca_1                   0x08000253   Thumb Code     0  libinit2.o(.ARM.Collect$$libinit$$0000002E)
    __rt_lib_init_argv_1                     0x08000253   Thumb Code     0  libinit2.o(.ARM.Collect$$libinit$$0000002C)
    __rt_lib_init_atexit_1                   0x08000253   Thumb Code     0  libinit2.o(.ARM.Collect$$libinit$$0000001B)
    __rt_lib_init_clock_1                    0x08000253   Thumb Code     0  libinit2.o(.ARM.Collect$$libinit$$00000021)
    __rt_lib_init_cpp_1                      0x08000253   Thumb Code     0  libinit2.o(.ARM.Collect$$libinit$$00000032)
    __rt_lib_init_exceptions_1               0x08000253   Thumb Code     0  libinit2.o(.ARM.Collect$$libinit$$00000030)
    __rt_lib_init_fp_trap_1                  0x08000253   Thumb Code     0  libinit2.o(.ARM.Collect$$libinit$$0000001F)
    __rt_lib_init_getenv_1                   0x08000253   Thumb Code     0  libinit2.o(.ARM.Collect$$libinit$$00000023)
    __rt_lib_init_lc_numeric_1               0x08000253   Thumb Code     0  libinit2.o(.ARM.Collect$$libinit$$00000017)
    __rt_lib_init_lc_time_1                  0x08000253   Thumb Code     0  libinit2.o(.ARM.Collect$$libinit$$00000019)
    __rt_lib_init_return                     0x08000253   Thumb Code     0  libinit2.o(.ARM.Collect$$libinit$$00000033)
    __rt_lib_init_signal_1                   0x08000253   Thumb Code     0  libinit2.o(.ARM.Collect$$libinit$$0000001D)
    __rt_lib_init_stdio_1                    0x08000253   Thumb Code     0  libinit2.o(.ARM.Collect$$libinit$$00000025)
    __rt_lib_shutdown                        0x08000255   Thumb Code     0  libshutdown.o(.ARM.Collect$$libshutdown$$00000000)
    __rt_lib_shutdown_fp_trap_1              0x08000257   Thumb Code     0  libshutdown2.o(.ARM.Collect$$libshutdown$$00000006)
    __rt_lib_shutdown_heap_1                 0x08000257   Thumb Code     0  libshutdown2.o(.ARM.Collect$$libshutdown$$0000000E)
    __rt_lib_shutdown_return                 0x08000257   Thumb Code     0  libshutdown2.o(.ARM.Collect$$libshutdown$$0000000F)
    __rt_lib_shutdown_signal_1               0x08000257   Thumb Code     0  libshutdown2.o(.ARM.Collect$$libshutdown$$00000009)
    __rt_lib_shutdown_stdio_1                0x08000257   Thumb Code     0  libshutdown2.o(.ARM.Collect$$libshutdown$$00000003)
    __rt_lib_shutdown_user_alloc_1           0x08000257   Thumb Code     0  libshutdown2.o(.ARM.Collect$$libshutdown$$0000000B)
    __rt_entry                               0x08000259   Thumb Code     0  __rtentry.o(.ARM.Collect$$rtentry$$00000000)
    __rt_entry_presh_1                       0x08000259   Thumb Code     0  __rtentry2.o(.ARM.Collect$$rtentry$$00000002)
    __rt_entry_sh                            0x08000259   Thumb Code     0  __rtentry4.o(.ARM.Collect$$rtentry$$00000004)
    __rt_entry_li                            0x0800025f   Thumb Code     0  __rtentry2.o(.ARM.Collect$$rtentry$$0000000A)
    __rt_entry_postsh_1                      0x0800025f   Thumb Code     0  __rtentry2.o(.ARM.Collect$$rtentry$$00000009)
    __rt_entry_main                          0x08000263   Thumb Code     0  __rtentry2.o(.ARM.Collect$$rtentry$$0000000D)
    __rt_entry_postli_1                      0x08000263   Thumb Code     0  __rtentry2.o(.ARM.Collect$$rtentry$$0000000C)
    __rt_exit                                0x0800026b   Thumb Code     0  rtexit.o(.ARM.Collect$$rtexit$$00000000)
    __rt_exit_ls                             0x0800026d   Thumb Code     0  rtexit2.o(.ARM.Collect$$rtexit$$00000003)
    __rt_exit_prels_1                        0x0800026d   Thumb Code     0  rtexit2.o(.ARM.Collect$$rtexit$$00000002)
    __rt_exit_exit                           0x08000271   Thumb Code     0  rtexit2.o(.ARM.Collect$$rtexit$$00000004)
    NMI_Handler                              0x08000277   Thumb Code     2  stm32f10x_it.o(.text)
    HardFault_Handler                        0x08000279   Thumb Code     4  stm32f10x_it.o(.text)
    MemManage_Handler                        0x0800027d   Thumb Code     4  stm32f10x_it.o(.text)
    BusFault_Handler                         0x08000281   Thumb Code     4  stm32f10x_it.o(.text)
    UsageFault_Handler                       0x08000285   Thumb Code     4  stm32f10x_it.o(.text)
    SVC_Handler                              0x08000289   Thumb Code     2  stm32f10x_it.o(.text)
    DebugMon_Handler                         0x0800028b   Thumb Code     2  stm32f10x_it.o(.text)
    PendSV_Handler                           0x0800028d   Thumb Code     2  stm32f10x_it.o(.text)
    SysTick_Handler                          0x0800028f   Thumb Code     2  stm32f10x_it.o(.text)
    SystemInit                               0x0800036f   Thumb Code    78  system_stm32f10x.o(.text)
    SystemCoreClockUpdate                    0x080003bd   Thumb Code   142  system_stm32f10x.o(.text)
    Reset_Handler                            0x08000471   Thumb Code     8  startup_stm32f10x_hd.o(.text)
    ADC1_2_IRQHandler                        0x0800048b   Thumb Code     0  startup_stm32f10x_hd.o(.text)
    ADC3_IRQHandler                          0x0800048b   Thumb Code     0  startup_stm32f10x_hd.o(.text)
    CAN1_RX1_IRQHandler                      0x0800048b   Thumb Code     0  startup_stm32f10x_hd.o(.text)
    CAN1_SCE_IRQHandler                      0x0800048b   Thumb Code     0  startup_stm32f10x_hd.o(.text)
    DMA1_Channel1_IRQHandler                 0x0800048b   Thumb Code     0  startup_stm32f10x_hd.o(.text)
    DMA1_Channel2_IRQHandler                 0x0800048b   Thumb Code     0  startup_stm32f10x_hd.o(.text)
    DMA1_Channel3_IRQHandler                 0x0800048b   Thumb Code     0  startup_stm32f10x_hd.o(.text)
    DMA1_Channel4_IRQHandler                 0x0800048b   Thumb Code     0  startup_stm32f10x_hd.o(.text)
    DMA1_Channel5_IRQHandler                 0x0800048b   Thumb Code     0  startup_stm32f10x_hd.o(.text)
    DMA1_Channel6_IRQHandler                 0x0800048b   Thumb Code     0  startup_stm32f10x_hd.o(.text)
    DMA1_Channel7_IRQHandler                 0x0800048b   Thumb Code     0  startup_stm32f10x_hd.o(.text)
    DMA2_Channel1_IRQHandler                 0x0800048b   Thumb Code     0  startup_stm32f10x_hd.o(.text)
    DMA2_Channel2_IRQHandler                 0x0800048b   Thumb Code     0  startup_stm32f10x_hd.o(.text)
    DMA2_Channel3_IRQHandler                 0x0800048b   Thumb Code     0  startup_stm32f10x_hd.o(.text)
    DMA2_Channel4_5_IRQHandler               0x0800048b   Thumb Code     0  startup_stm32f10x_hd.o(.text)
    EXTI0_IRQHandler                         0x0800048b   Thumb Code     0  startup_stm32f10x_hd.o(.text)
    EXTI15_10_IRQHandler                     0x0800048b   Thumb Code     0  startup_stm32f10x_hd.o(.text)
    EXTI1_IRQHandler                         0x0800048b   Thumb Code     0  startup_stm32f10x_hd.o(.text)
    EXTI2_IRQHandler                         0x0800048b   Thumb Code     0  startup_stm32f10x_hd.o(.text)
    EXTI3_IRQHandler                         0x0800048b   Thumb Code     0  startup_stm32f10x_hd.o(.text)
    EXTI4_IRQHandler                         0x0800048b   Thumb Code     0  startup_stm32f10x_hd.o(.text)
    FLASH_IRQHandler                         0x0800048b   Thumb Code     0  startup_stm32f10x_hd.o(.text)
    FSMC_IRQHandler                          0x0800048b   Thumb Code     0  startup_stm32f10x_hd.o(.text)
    I2C1_ER_IRQHandler                       0x0800048b   Thumb Code     0  startup_stm32f10x_hd.o(.text)
    I2C1_EV_IRQHandler                       0x0800048b   Thumb Code     0  startup_stm32f10x_hd.o(.text)
    I2C2_ER_IRQHandler                       0x0800048b   Thumb Code     0  startup_stm32f10x_hd.o(.text)
    I2C2_EV_IRQHandler                       0x0800048b   Thumb Code     0  startup_stm32f10x_hd.o(.text)
    PVD_IRQHandler                           0x0800048b   Thumb Code     0  startup_stm32f10x_hd.o(.text)
    RCC_IRQHandler                           0x0800048b   Thumb Code     0  startup_stm32f10x_hd.o(.text)
    RTCAlarm_IRQHandler                      0x0800048b   Thumb Code     0  startup_stm32f10x_hd.o(.text)
    RTC_IRQHandler                           0x0800048b   Thumb Code     0  startup_stm32f10x_hd.o(.text)
    SDIO_IRQHandler                          0x0800048b   Thumb Code     0  startup_stm32f10x_hd.o(.text)
    SPI1_IRQHandler                          0x0800048b   Thumb Code     0  startup_stm32f10x_hd.o(.text)
    SPI2_IRQHandler                          0x0800048b   Thumb Code     0  startup_stm32f10x_hd.o(.text)
    SPI3_IRQHandler                          0x0800048b   Thumb Code     0  startup_stm32f10x_hd.o(.text)
    TAMPER_IRQHandler                        0x0800048b   Thumb Code     0  startup_stm32f10x_hd.o(.text)
    TIM1_BRK_IRQHandler                      0x0800048b   Thumb Code     0  startup_stm32f10x_hd.o(.text)
    TIM1_CC_IRQHandler                       0x0800048b   Thumb Code     0  startup_stm32f10x_hd.o(.text)
    TIM1_TRG_COM_IRQHandler                  0x0800048b   Thumb Code     0  startup_stm32f10x_hd.o(.text)
    TIM1_UP_IRQHandler                       0x0800048b   Thumb Code     0  startup_stm32f10x_hd.o(.text)
    TIM3_IRQHandler                          0x0800048b   Thumb Code     0  startup_stm32f10x_hd.o(.text)
    TIM5_IRQHandler                          0x0800048b   Thumb Code     0  startup_stm32f10x_hd.o(.text)
    TIM6_IRQHandler                          0x0800048b   Thumb Code     0  startup_stm32f10x_hd.o(.text)
    TIM7_IRQHandler                          0x0800048b   Thumb Code     0  startup_stm32f10x_hd.o(.text)
    TIM8_BRK_IRQHandler                      0x0800048b   Thumb Code     0  startup_stm32f10x_hd.o(.text)
    TIM8_CC_IRQHandler                       0x0800048b   Thumb Code     0  startup_stm32f10x_hd.o(.text)
    TIM8_TRG_COM_IRQHandler                  0x0800048b   Thumb Code     0  startup_stm32f10x_hd.o(.text)
    TIM8_UP_IRQHandler                       0x0800048b   Thumb Code     0  startup_stm32f10x_hd.o(.text)
    UART4_IRQHandler                         0x0800048b   Thumb Code     0  startup_stm32f10x_hd.o(.text)
    UART5_IRQHandler                         0x0800048b   Thumb Code     0  startup_stm32f10x_hd.o(.text)
    USART3_IRQHandler                        0x0800048b   Thumb Code     0  startup_stm32f10x_hd.o(.text)
    USBWakeUp_IRQHandler                     0x0800048b   Thumb Code     0  startup_stm32f10x_hd.o(.text)
    USB_HP_CAN1_TX_IRQHandler                0x0800048b   Thumb Code     0  startup_stm32f10x_hd.o(.text)
    USB_LP_CAN1_RX0_IRQHandler               0x0800048b   Thumb Code     0  startup_stm32f10x_hd.o(.text)
    WWDG_IRQHandler                          0x0800048b   Thumb Code     0  startup_stm32f10x_hd.o(.text)
    __user_initial_stackheap                 0x0800048d   Thumb Code     0  startup_stm32f10x_hd.o(.text)
    NVIC_PriorityGroupConfig                 0x080004b1   Thumb Code    10  misc.o(.text)
    NVIC_Init                                0x080004bb   Thumb Code   100  misc.o(.text)
    NVIC_SetVectorTable                      0x0800051f   Thumb Code    14  misc.o(.text)
    NVIC_SystemLPConfig                      0x0800052d   Thumb Code    34  misc.o(.text)
    SysTick_CLKSourceConfig                  0x0800054f   Thumb Code    40  misc.o(.text)
    ADC_DeInit                               0x0800058d   Thumb Code    78  stm32f10x_adc.o(.text)
    ADC_Init                                 0x080005db   Thumb Code    70  stm32f10x_adc.o(.text)
    ADC_StructInit                           0x08000621   Thumb Code    18  stm32f10x_adc.o(.text)
    ADC_Cmd                                  0x08000633   Thumb Code    22  stm32f10x_adc.o(.text)
    ADC_DMACmd                               0x08000649   Thumb Code    22  stm32f10x_adc.o(.text)
    ADC_ITConfig                             0x0800065f   Thumb Code    24  stm32f10x_adc.o(.text)
    ADC_ResetCalibration                     0x08000677   Thumb Code    10  stm32f10x_adc.o(.text)
    ADC_GetResetCalibrationStatus            0x08000681   Thumb Code    20  stm32f10x_adc.o(.text)
    ADC_StartCalibration                     0x08000695   Thumb Code    10  stm32f10x_adc.o(.text)
    ADC_GetCalibrationStatus                 0x0800069f   Thumb Code    20  stm32f10x_adc.o(.text)
    ADC_SoftwareStartConvCmd                 0x080006b3   Thumb Code    22  stm32f10x_adc.o(.text)
    ADC_GetSoftwareStartConvStatus           0x080006c9   Thumb Code    20  stm32f10x_adc.o(.text)
    ADC_DiscModeChannelCountConfig           0x080006dd   Thumb Code    24  stm32f10x_adc.o(.text)
    ADC_DiscModeCmd                          0x080006f5   Thumb Code    22  stm32f10x_adc.o(.text)
    ADC_RegularChannelConfig                 0x0800070b   Thumb Code   184  stm32f10x_adc.o(.text)
    ADC_ExternalTrigConvCmd                  0x080007c3   Thumb Code    22  stm32f10x_adc.o(.text)
    ADC_GetConversionValue                   0x080007d9   Thumb Code     8  stm32f10x_adc.o(.text)
    ADC_GetDualModeConversionValue           0x080007e1   Thumb Code     8  stm32f10x_adc.o(.text)
    ADC_AutoInjectedConvCmd                  0x080007e9   Thumb Code    22  stm32f10x_adc.o(.text)
    ADC_InjectedDiscModeCmd                  0x080007ff   Thumb Code    22  stm32f10x_adc.o(.text)
    ADC_ExternalTrigInjectedConvConfig       0x08000815   Thumb Code    16  stm32f10x_adc.o(.text)
    ADC_ExternalTrigInjectedConvCmd          0x08000825   Thumb Code    22  stm32f10x_adc.o(.text)
    ADC_SoftwareStartInjectedConvCmd         0x0800083b   Thumb Code    22  stm32f10x_adc.o(.text)
    ADC_GetSoftwareStartInjectedConvCmdStatus 0x08000851   Thumb Code    20  stm32f10x_adc.o(.text)
    ADC_InjectedChannelConfig                0x08000865   Thumb Code   130  stm32f10x_adc.o(.text)
    ADC_InjectedSequencerLengthConfig        0x080008e7   Thumb Code    24  stm32f10x_adc.o(.text)
    ADC_SetInjectedOffset                    0x080008ff   Thumb Code    20  stm32f10x_adc.o(.text)
    ADC_GetInjectedConversionValue           0x08000913   Thumb Code    28  stm32f10x_adc.o(.text)
    ADC_AnalogWatchdogCmd                    0x0800092f   Thumb Code    16  stm32f10x_adc.o(.text)
    ADC_AnalogWatchdogThresholdsConfig       0x0800093f   Thumb Code     6  stm32f10x_adc.o(.text)
    ADC_AnalogWatchdogSingleChannelConfig    0x08000945   Thumb Code    16  stm32f10x_adc.o(.text)
    ADC_TempSensorVrefintCmd                 0x08000955   Thumb Code    64  stm32f10x_adc.o(.text)
    ADC_GetFlagStatus                        0x08000995   Thumb Code    18  stm32f10x_adc.o(.text)
    ADC_ClearFlag                            0x080009a7   Thumb Code     6  stm32f10x_adc.o(.text)
    ADC_GetITStatus                          0x080009ad   Thumb Code    36  stm32f10x_adc.o(.text)
    ADC_ClearITPendingBit                    0x080009d1   Thumb Code    10  stm32f10x_adc.o(.text)
    EXTI_DeInit                              0x080009dd   Thumb Code    28  stm32f10x_exti.o(.text)
    EXTI_Init                                0x080009f9   Thumb Code   142  stm32f10x_exti.o(.text)
    EXTI_StructInit                          0x08000a87   Thumb Code    16  stm32f10x_exti.o(.text)
    EXTI_GenerateSWInterrupt                 0x08000a97   Thumb Code    16  stm32f10x_exti.o(.text)
    EXTI_GetFlagStatus                       0x08000aa7   Thumb Code    22  stm32f10x_exti.o(.text)
    EXTI_ClearFlag                           0x08000abd   Thumb Code     8  stm32f10x_exti.o(.text)
    EXTI_GetITStatus                         0x08000ac5   Thumb Code    34  stm32f10x_exti.o(.text)
    EXTI_ClearITPendingBit                   0x08000ae7   Thumb Code     8  stm32f10x_exti.o(.text)
    GPIO_DeInit                              0x08000af9   Thumb Code   172  stm32f10x_gpio.o(.text)
    GPIO_AFIODeInit                          0x08000ba5   Thumb Code    20  stm32f10x_gpio.o(.text)
    GPIO_Init                                0x08000bb9   Thumb Code   278  stm32f10x_gpio.o(.text)
    GPIO_StructInit                          0x08000ccf   Thumb Code    16  stm32f10x_gpio.o(.text)
    GPIO_ReadInputDataBit                    0x08000cdf   Thumb Code    18  stm32f10x_gpio.o(.text)
    GPIO_ReadInputData                       0x08000cf1   Thumb Code     8  stm32f10x_gpio.o(.text)
    GPIO_ReadOutputDataBit                   0x08000cf9   Thumb Code    18  stm32f10x_gpio.o(.text)
    GPIO_ReadOutputData                      0x08000d0b   Thumb Code     8  stm32f10x_gpio.o(.text)
    GPIO_SetBits                             0x08000d13   Thumb Code     4  stm32f10x_gpio.o(.text)
    GPIO_ResetBits                           0x08000d17   Thumb Code     4  stm32f10x_gpio.o(.text)
    GPIO_WriteBit                            0x08000d1b   Thumb Code    10  stm32f10x_gpio.o(.text)
    GPIO_Write                               0x08000d25   Thumb Code     4  stm32f10x_gpio.o(.text)
    GPIO_PinLockConfig                       0x08000d29   Thumb Code    18  stm32f10x_gpio.o(.text)
    GPIO_EventOutputConfig                   0x08000d3b   Thumb Code    26  stm32f10x_gpio.o(.text)
    GPIO_EventOutputCmd                      0x08000d55   Thumb Code     6  stm32f10x_gpio.o(.text)
    GPIO_PinRemapConfig                      0x08000d5b   Thumb Code   138  stm32f10x_gpio.o(.text)
    GPIO_EXTILineConfig                      0x08000de5   Thumb Code    66  stm32f10x_gpio.o(.text)
    GPIO_ETH_MediaInterfaceConfig            0x08000e27   Thumb Code     8  stm32f10x_gpio.o(.text)
    RCC_DeInit                               0x08000e55   Thumb Code    64  stm32f10x_rcc.o(.text)
    RCC_HSEConfig                            0x08000e95   Thumb Code    70  stm32f10x_rcc.o(.text)
    RCC_GetFlagStatus                        0x08000edb   Thumb Code    56  stm32f10x_rcc.o(.text)
    RCC_WaitForHSEStartUp                    0x08000f13   Thumb Code    56  stm32f10x_rcc.o(.text)
    RCC_AdjustHSICalibrationValue            0x08000f4b   Thumb Code    20  stm32f10x_rcc.o(.text)
    RCC_HSICmd                               0x08000f5f   Thumb Code     6  stm32f10x_rcc.o(.text)
    RCC_PLLConfig                            0x08000f65   Thumb Code    24  stm32f10x_rcc.o(.text)
    RCC_PLLCmd                               0x08000f7d   Thumb Code     6  stm32f10x_rcc.o(.text)
    RCC_SYSCLKConfig                         0x08000f83   Thumb Code    18  stm32f10x_rcc.o(.text)
    RCC_GetSYSCLKSource                      0x08000f95   Thumb Code    10  stm32f10x_rcc.o(.text)
    RCC_HCLKConfig                           0x08000f9f   Thumb Code    18  stm32f10x_rcc.o(.text)
    RCC_PCLK1Config                          0x08000fb1   Thumb Code    18  stm32f10x_rcc.o(.text)
    RCC_PCLK2Config                          0x08000fc3   Thumb Code    20  stm32f10x_rcc.o(.text)
    RCC_ITConfig                             0x08000fd7   Thumb Code    26  stm32f10x_rcc.o(.text)
    RCC_USBCLKConfig                         0x08000ff1   Thumb Code     8  stm32f10x_rcc.o(.text)
    RCC_ADCCLKConfig                         0x08000ff9   Thumb Code    18  stm32f10x_rcc.o(.text)
    RCC_LSEConfig                            0x0800100b   Thumb Code    50  stm32f10x_rcc.o(.text)
    RCC_LSICmd                               0x0800103d   Thumb Code     6  stm32f10x_rcc.o(.text)
    RCC_RTCCLKConfig                         0x08001043   Thumb Code    12  stm32f10x_rcc.o(.text)
    RCC_RTCCLKCmd                            0x0800104f   Thumb Code     8  stm32f10x_rcc.o(.text)
    RCC_GetClocksFreq                        0x08001057   Thumb Code   192  stm32f10x_rcc.o(.text)
    RCC_AHBPeriphClockCmd                    0x08001117   Thumb Code    26  stm32f10x_rcc.o(.text)
    RCC_APB2PeriphClockCmd                   0x08001131   Thumb Code    26  stm32f10x_rcc.o(.text)
    RCC_APB1PeriphClockCmd                   0x0800114b   Thumb Code    26  stm32f10x_rcc.o(.text)
    RCC_APB2PeriphResetCmd                   0x08001165   Thumb Code    26  stm32f10x_rcc.o(.text)
    RCC_APB1PeriphResetCmd                   0x0800117f   Thumb Code    26  stm32f10x_rcc.o(.text)
    RCC_BackupResetCmd                       0x08001199   Thumb Code     8  stm32f10x_rcc.o(.text)
    RCC_ClockSecuritySystemCmd               0x080011a1   Thumb Code     6  stm32f10x_rcc.o(.text)
    RCC_MCOConfig                            0x080011a7   Thumb Code     6  stm32f10x_rcc.o(.text)
    RCC_ClearFlag                            0x080011ad   Thumb Code    14  stm32f10x_rcc.o(.text)
    RCC_GetITStatus                          0x080011bb   Thumb Code    20  stm32f10x_rcc.o(.text)
    RCC_ClearITPendingBit                    0x080011cf   Thumb Code     6  stm32f10x_rcc.o(.text)
    SPI_I2S_DeInit                           0x080011f9   Thumb Code    76  stm32f10x_spi.o(.text)
    SPI_Init                                 0x08001245   Thumb Code    60  stm32f10x_spi.o(.text)
    I2S_Init                                 0x08001281   Thumb Code   226  stm32f10x_spi.o(.text)
    SPI_StructInit                           0x08001363   Thumb Code    24  stm32f10x_spi.o(.text)
    I2S_StructInit                           0x0800137b   Thumb Code    20  stm32f10x_spi.o(.text)
    SPI_Cmd                                  0x0800138f   Thumb Code    24  stm32f10x_spi.o(.text)
    I2S_Cmd                                  0x080013a7   Thumb Code    24  stm32f10x_spi.o(.text)
    SPI_I2S_ITConfig                         0x080013bf   Thumb Code    32  stm32f10x_spi.o(.text)
    SPI_I2S_DMACmd                           0x080013df   Thumb Code    18  stm32f10x_spi.o(.text)
    SPI_I2S_SendData                         0x080013f1   Thumb Code     4  stm32f10x_spi.o(.text)
    SPI_I2S_ReceiveData                      0x080013f5   Thumb Code     6  stm32f10x_spi.o(.text)
    SPI_NSSInternalSoftwareConfig            0x080013fb   Thumb Code    30  stm32f10x_spi.o(.text)
    SPI_SSOutputCmd                          0x08001419   Thumb Code    24  stm32f10x_spi.o(.text)
    SPI_DataSizeConfig                       0x08001431   Thumb Code    18  stm32f10x_spi.o(.text)
    SPI_TransmitCRC                          0x08001443   Thumb Code    10  stm32f10x_spi.o(.text)
    SPI_CalculateCRC                         0x0800144d   Thumb Code    24  stm32f10x_spi.o(.text)
    SPI_GetCRC                               0x08001465   Thumb Code    16  stm32f10x_spi.o(.text)
    SPI_GetCRCPolynomial                     0x08001475   Thumb Code     6  stm32f10x_spi.o(.text)
    SPI_BiDirectionalLineConfig              0x0800147b   Thumb Code    28  stm32f10x_spi.o(.text)
    SPI_I2S_GetFlagStatus                    0x08001497   Thumb Code    18  stm32f10x_spi.o(.text)
    SPI_I2S_ClearFlag                        0x080014a9   Thumb Code     6  stm32f10x_spi.o(.text)
    SPI_I2S_GetITStatus                      0x080014af   Thumb Code    52  stm32f10x_spi.o(.text)
    SPI_I2S_ClearITPendingBit                0x080014e3   Thumb Code    20  stm32f10x_spi.o(.text)
    TIM_DeInit                               0x08001505   Thumb Code   424  stm32f10x_tim.o(.text)
    TIM_TimeBaseInit                         0x080016ad   Thumb Code   122  stm32f10x_tim.o(.text)
    TIM_OC1Init                              0x08001727   Thumb Code   132  stm32f10x_tim.o(.text)
    TIM_OC2Init                              0x080017ab   Thumb Code   154  stm32f10x_tim.o(.text)
    TIM_OC3Init                              0x08001845   Thumb Code   150  stm32f10x_tim.o(.text)
    TIM_OC4Init                              0x080018db   Thumb Code   182  stm32f10x_tim.o(.text)
    TIM_SetIC4Prescaler                      0x08001991   Thumb Code    26  stm32f10x_tim.o(.text)
    TIM_SetIC3Prescaler                      0x08001a2d   Thumb Code    18  stm32f10x_tim.o(.text)
    TIM_SetIC2Prescaler                      0x08001ab9   Thumb Code    26  stm32f10x_tim.o(.text)
    TIM_SetIC1Prescaler                      0x08001b55   Thumb Code    18  stm32f10x_tim.o(.text)
    TIM_ICInit                               0x08001bd3   Thumb Code   150  stm32f10x_tim.o(.text)
    TIM_PWMIConfig                           0x08001c69   Thumb Code   124  stm32f10x_tim.o(.text)
    TIM_BDTRConfig                           0x08001ce5   Thumb Code    32  stm32f10x_tim.o(.text)
    TIM_TimeBaseStructInit                   0x08001d05   Thumb Code    18  stm32f10x_tim.o(.text)
    TIM_OCStructInit                         0x08001d17   Thumb Code    20  stm32f10x_tim.o(.text)
    TIM_ICStructInit                         0x08001d2b   Thumb Code    18  stm32f10x_tim.o(.text)
    TIM_BDTRStructInit                       0x08001d3d   Thumb Code    40  stm32f10x_tim.o(.text)
    TIM_Cmd                                  0x08001d65   Thumb Code    24  stm32f10x_tim.o(.text)
    TIM_CtrlPWMOutputs                       0x08001d7d   Thumb Code    30  stm32f10x_tim.o(.text)
    TIM_ITConfig                             0x08001d9b   Thumb Code    18  stm32f10x_tim.o(.text)
    TIM_GenerateEvent                        0x08001dad   Thumb Code     4  stm32f10x_tim.o(.text)
    TIM_DMAConfig                            0x08001db1   Thumb Code    10  stm32f10x_tim.o(.text)
    TIM_DMACmd                               0x08001dbb   Thumb Code    18  stm32f10x_tim.o(.text)
    TIM_InternalClockConfig                  0x08001dcd   Thumb Code    12  stm32f10x_tim.o(.text)
    TIM_SelectInputTrigger                   0x08001dd9   Thumb Code    18  stm32f10x_tim.o(.text)
    TIM_ITRxExternalClockConfig              0x08001deb   Thumb Code    24  stm32f10x_tim.o(.text)
    TIM_TIxExternalClockConfig               0x08001e03   Thumb Code    62  stm32f10x_tim.o(.text)
    TIM_ETRConfig                            0x08001e41   Thumb Code    28  stm32f10x_tim.o(.text)
    TIM_ETRClockMode1Config                  0x08001e5d   Thumb Code    54  stm32f10x_tim.o(.text)
    TIM_ETRClockMode2Config                  0x08001e93   Thumb Code    32  stm32f10x_tim.o(.text)
    TIM_PrescalerConfig                      0x08001eb3   Thumb Code     6  stm32f10x_tim.o(.text)
    TIM_CounterModeConfig                    0x08001eb9   Thumb Code    18  stm32f10x_tim.o(.text)
    TIM_EncoderInterfaceConfig               0x08001ecb   Thumb Code    66  stm32f10x_tim.o(.text)
    TIM_ForcedOC1Config                      0x08001f0d   Thumb Code    18  stm32f10x_tim.o(.text)
    TIM_ForcedOC2Config                      0x08001f1f   Thumb Code    26  stm32f10x_tim.o(.text)
    TIM_ForcedOC3Config                      0x08001f39   Thumb Code    18  stm32f10x_tim.o(.text)
    TIM_ForcedOC4Config                      0x08001f4b   Thumb Code    26  stm32f10x_tim.o(.text)
    TIM_ARRPreloadConfig                     0x08001f65   Thumb Code    24  stm32f10x_tim.o(.text)
    TIM_SelectCOM                            0x08001f7d   Thumb Code    24  stm32f10x_tim.o(.text)
    TIM_SelectCCDMA                          0x08001f95   Thumb Code    24  stm32f10x_tim.o(.text)
    TIM_CCPreloadControl                     0x08001fad   Thumb Code    24  stm32f10x_tim.o(.text)
    TIM_OC1PreloadConfig                     0x08001fc5   Thumb Code    18  stm32f10x_tim.o(.text)
    TIM_OC2PreloadConfig                     0x08001fd7   Thumb Code    26  stm32f10x_tim.o(.text)
    TIM_OC3PreloadConfig                     0x08001ff1   Thumb Code    18  stm32f10x_tim.o(.text)
    TIM_OC4PreloadConfig                     0x08002003   Thumb Code    26  stm32f10x_tim.o(.text)
    TIM_OC1FastConfig                        0x0800201d   Thumb Code    18  stm32f10x_tim.o(.text)
    TIM_OC2FastConfig                        0x0800202f   Thumb Code    26  stm32f10x_tim.o(.text)
    TIM_OC3FastConfig                        0x08002049   Thumb Code    18  stm32f10x_tim.o(.text)
    TIM_OC4FastConfig                        0x0800205b   Thumb Code    26  stm32f10x_tim.o(.text)
    TIM_ClearOC1Ref                          0x08002075   Thumb Code    18  stm32f10x_tim.o(.text)
    TIM_ClearOC2Ref                          0x08002087   Thumb Code    24  stm32f10x_tim.o(.text)
    TIM_ClearOC3Ref                          0x0800209f   Thumb Code    18  stm32f10x_tim.o(.text)
    TIM_ClearOC4Ref                          0x080020b1   Thumb Code    24  stm32f10x_tim.o(.text)
    TIM_OC1PolarityConfig                    0x080020c9   Thumb Code    18  stm32f10x_tim.o(.text)
    TIM_OC1NPolarityConfig                   0x080020db   Thumb Code    18  stm32f10x_tim.o(.text)
    TIM_OC2PolarityConfig                    0x080020ed   Thumb Code    26  stm32f10x_tim.o(.text)
    TIM_OC2NPolarityConfig                   0x08002107   Thumb Code    26  stm32f10x_tim.o(.text)
    TIM_OC3PolarityConfig                    0x08002121   Thumb Code    26  stm32f10x_tim.o(.text)
    TIM_OC3NPolarityConfig                   0x0800213b   Thumb Code    26  stm32f10x_tim.o(.text)
    TIM_OC4PolarityConfig                    0x08002155   Thumb Code    26  stm32f10x_tim.o(.text)
    TIM_CCxCmd                               0x0800216f   Thumb Code    30  stm32f10x_tim.o(.text)
    TIM_CCxNCmd                              0x0800218d   Thumb Code    30  stm32f10x_tim.o(.text)
    TIM_SelectOCxM                           0x080021ab   Thumb Code    82  stm32f10x_tim.o(.text)
    TIM_UpdateDisableConfig                  0x080021fd   Thumb Code    24  stm32f10x_tim.o(.text)
    TIM_UpdateRequestConfig                  0x08002215   Thumb Code    24  stm32f10x_tim.o(.text)
    TIM_SelectHallSensor                     0x0800222d   Thumb Code    24  stm32f10x_tim.o(.text)
    TIM_SelectOnePulseMode                   0x08002245   Thumb Code    18  stm32f10x_tim.o(.text)
    TIM_SelectOutputTrigger                  0x08002257   Thumb Code    18  stm32f10x_tim.o(.text)
    TIM_SelectSlaveMode                      0x08002269   Thumb Code    18  stm32f10x_tim.o(.text)
    TIM_SelectMasterSlaveMode                0x0800227b   Thumb Code    18  stm32f10x_tim.o(.text)
    TIM_SetCounter                           0x0800228d   Thumb Code     4  stm32f10x_tim.o(.text)
    TIM_SetAutoreload                        0x08002291   Thumb Code     4  stm32f10x_tim.o(.text)
    TIM_SetCompare1                          0x08002295   Thumb Code     4  stm32f10x_tim.o(.text)
    TIM_SetCompare2                          0x08002299   Thumb Code     4  stm32f10x_tim.o(.text)
    TIM_SetCompare3                          0x0800229d   Thumb Code     4  stm32f10x_tim.o(.text)
    TIM_SetCompare4                          0x080022a1   Thumb Code     6  stm32f10x_tim.o(.text)
    TIM_SetClockDivision                     0x080022a7   Thumb Code    18  stm32f10x_tim.o(.text)
    TIM_GetCapture1                          0x080022b9   Thumb Code     6  stm32f10x_tim.o(.text)
    TIM_GetCapture2                          0x080022bf   Thumb Code     6  stm32f10x_tim.o(.text)
    TIM_GetCapture3                          0x080022c5   Thumb Code     6  stm32f10x_tim.o(.text)
    TIM_GetCapture4                          0x080022cb   Thumb Code     8  stm32f10x_tim.o(.text)
    TIM_GetCounter                           0x080022d3   Thumb Code     6  stm32f10x_tim.o(.text)
    TIM_GetPrescaler                         0x080022d9   Thumb Code     6  stm32f10x_tim.o(.text)
    TIM_GetFlagStatus                        0x080022df   Thumb Code    18  stm32f10x_tim.o(.text)
    TIM_ClearFlag                            0x080022f1   Thumb Code     6  stm32f10x_tim.o(.text)
    TIM_GetITStatus                          0x080022f7   Thumb Code    34  stm32f10x_tim.o(.text)
    TIM_ClearITPendingBit                    0x08002319   Thumb Code     6  stm32f10x_tim.o(.text)
    USART_DeInit                             0x08002321   Thumb Code   134  stm32f10x_usart.o(.text)
    USART_Init                               0x080023a7   Thumb Code   210  stm32f10x_usart.o(.text)
    USART_StructInit                         0x08002479   Thumb Code    24  stm32f10x_usart.o(.text)
    USART_ClockInit                          0x08002491   Thumb Code    34  stm32f10x_usart.o(.text)
    USART_ClockStructInit                    0x080024b3   Thumb Code    12  stm32f10x_usart.o(.text)
    USART_Cmd                                0x080024bf   Thumb Code    24  stm32f10x_usart.o(.text)
    USART_ITConfig                           0x080024d7   Thumb Code    74  stm32f10x_usart.o(.text)
    USART_DMACmd                             0x08002521   Thumb Code    18  stm32f10x_usart.o(.text)
    USART_SetAddress                         0x08002533   Thumb Code    18  stm32f10x_usart.o(.text)
    USART_WakeUpConfig                       0x08002545   Thumb Code    18  stm32f10x_usart.o(.text)
    USART_ReceiverWakeUpCmd                  0x08002557   Thumb Code    24  stm32f10x_usart.o(.text)
    USART_LINBreakDetectLengthConfig         0x0800256f   Thumb Code    18  stm32f10x_usart.o(.text)
    USART_LINCmd                             0x08002581   Thumb Code    24  stm32f10x_usart.o(.text)
    USART_SendData                           0x08002599   Thumb Code     8  stm32f10x_usart.o(.text)
    USART_ReceiveData                        0x080025a1   Thumb Code    10  stm32f10x_usart.o(.text)
    USART_SendBreak                          0x080025ab   Thumb Code    10  stm32f10x_usart.o(.text)
    USART_SetGuardTime                       0x080025b5   Thumb Code    16  stm32f10x_usart.o(.text)
    USART_SetPrescaler                       0x080025c5   Thumb Code    16  stm32f10x_usart.o(.text)
    USART_SmartCardCmd                       0x080025d5   Thumb Code    24  stm32f10x_usart.o(.text)
    USART_SmartCardNACKCmd                   0x080025ed   Thumb Code    24  stm32f10x_usart.o(.text)
    USART_HalfDuplexCmd                      0x08002605   Thumb Code    24  stm32f10x_usart.o(.text)
    USART_OverSampling8Cmd                   0x0800261d   Thumb Code    22  stm32f10x_usart.o(.text)
    USART_OneBitMethodCmd                    0x08002633   Thumb Code    24  stm32f10x_usart.o(.text)
    USART_IrDAConfig                         0x0800264b   Thumb Code    18  stm32f10x_usart.o(.text)
    USART_IrDACmd                            0x0800265d   Thumb Code    24  stm32f10x_usart.o(.text)
    USART_GetFlagStatus                      0x08002675   Thumb Code    26  stm32f10x_usart.o(.text)
    USART_ClearFlag                          0x0800268f   Thumb Code    18  stm32f10x_usart.o(.text)
    USART_GetITStatus                        0x080026a1   Thumb Code    84  stm32f10x_usart.o(.text)
    USART_ClearITPendingBit                  0x080026f5   Thumb Code    52  stm32f10x_usart.o(.text)
    fillter                                  0x08002729   Thumb Code    96  main.o(.text)
    get_volt                                 0x08002789   Thumb Code    10  main.o(.text)
    main                                     0x08002793   Thumb Code   850  main.o(.text)
    ADS1292_SPI                              0x08002b6d   Thumb Code    12  ads1292.o(.text)
    ADS1292_WR_REGS                          0x08002b79   Thumb Code   120  ads1292.o(.text)
    ADS1292_Send_CMD                         0x08002bf1   Thumb Code    38  ads1292.o(.text)
    ADS1292_PowerOnInit                      0x08002c17   Thumb Code    80  ads1292.o(.text)
    ADS1292_Init                             0x08002c67   Thumb Code   168  ads1292.o(.text)
    ADS1292_Read_Data                        0x08002d0f   Thumb Code    42  ads1292.o(.text)
    EXTI9_5_IRQHandler                       0x08002d39   Thumb Code    40  ads1292.o(.text)
    ADS1292_SET_REGBUFF                      0x08002d61   Thumb Code   672  ads1292.o(.text)
    ADS1292_WRITE_REGBUFF                    0x08003001   Thumb Code   156  ads1292.o(.text)
    ADS1292_Single_Test                      0x0800309d   Thumb Code    38  ads1292.o(.text)
    ADS1292_Noise_Test                       0x080030c3   Thumb Code    38  ads1292.o(.text)
    ADS1292_Single_Read                      0x080030e9   Thumb Code    36  ads1292.o(.text)
    Set_ADS1292_Collect                      0x0800310d   Thumb Code    82  ads1292.o(.text)
    delay_init                               0x080031b5   Thumb Code    50  delay.o(.text)
    delay_us                                 0x080031e7   Thumb Code    72  delay.o(.text)
    delay_ms                                 0x0800322f   Thumb Code    72  delay.o(.text)
    delay_s                                  0x08003277   Thumb Code   106  delay.o(.text)
    DMA_Config                               0x080032f1   Thumb Code   100  dma.o(.text)
    DMA_Enable                               0x08003355   Thumb Code    20  dma.o(.text)
    SPI2_Init                                0x0800336d   Thumb Code   120  spi.o(.text)
    SPI2_ReadWriteByte                       0x080033e5   Thumb Code    78  spi.o(.text)
    TIM2_Init                                0x0800343d   Thumb Code   114  timer.o(.text)
    TIM2_IRQHandler                          0x080034af   Thumb Code    38  timer.o(.text)
    TIM4_Init                                0x080034d5   Thumb Code   110  timer.o(.text)
    TIM4_IRQHandler                          0x08003543   Thumb Code    30  timer.o(.text)
    uart1_init                               0x08003569   Thumb Code   158  usart.o(.text)
    USART1_IRQHandler                        0x08003607   Thumb Code   124  usart.o(.text)
    uart2_init                               0x08003683   Thumb Code   162  usart.o(.text)
    USARTx_Send                              0x08003725   Thumb Code    50  usart.o(.text)
    u2_printf                                0x08003757   Thumb Code    72  usart.o(.text)
    USART2_IRQHandler                        0x0800379f   Thumb Code   124  usart.o(.text)
    _sys_exit                                0x0800381b   Thumb Code     4  usart.o(.text)
    fputc                                    0x0800381f   Thumb Code    24  usart.o(.text)
    Adc_Init                                 0x08003859   Thumb Code   132  adc.o(.text)
    Get_Adc                                  0x080038dd   Thumb Code    46  adc.o(.text)
    Get_Adc_Average                          0x0800390b   Thumb Code    46  adc.o(.text)
    __use_no_semihosting                     0x08003941   Thumb Code     2  use_no_semi_2.o(.text)
    vsprintf                                 0x08003945   Thumb Code    32  vsprintf.o(.text)
    __2printf                                0x08003969   Thumb Code    20  __2printf.o(.text)
    _printf_int_dec                          0x08003981   Thumb Code   104  _printf_dec.o(.text)
    _printf_longlong_hex                     0x080039f9   Thumb Code    86  _printf_hex_int_ll_ptr.o(.text)
    _printf_int_hex                          0x08003a4f   Thumb Code    28  _printf_hex_int_ll_ptr.o(.text)
    _printf_ll_hex                           0x08003a6b   Thumb Code    12  _printf_hex_int_ll_ptr.o(.text)
    _printf_hex_ptr                          0x08003a77   Thumb Code    18  _printf_hex_int_ll_ptr.o(.text)
    __printf                                 0x08003a8d   Thumb Code   388  __printf_flags_ss_wp.o(.text)
    strlen                                   0x08003c15   Thumb Code    62  strlen.o(.text)
    __aeabi_memclr4                          0x08003c53   Thumb Code     0  rt_memclr_w.o(.text)
    __aeabi_memclr8                          0x08003c53   Thumb Code     0  rt_memclr_w.o(.text)
    __rt_memclr_w                            0x08003c53   Thumb Code    78  rt_memclr_w.o(.text)
    _memset_w                                0x08003c57   Thumb Code     0  rt_memclr_w.o(.text)
    __use_two_region_memory                  0x08003ca1   Thumb Code     2  heapauxi.o(.text)
    __rt_heap_escrow$2region                 0x08003ca3   Thumb Code     2  heapauxi.o(.text)
    __rt_heap_expand$2region                 0x08003ca5   Thumb Code     2  heapauxi.o(.text)
    __I$use$semihosting                      0x08003ca7   Thumb Code     0  use_no_semi.o(.text)
    __use_no_semihosting_swi                 0x08003ca7   Thumb Code     2  use_no_semi.o(.text)
    _printf_pre_padding                      0x08003ca9   Thumb Code    44  _printf_pad.o(.text)
    _printf_post_padding                     0x08003cd5   Thumb Code    34  _printf_pad.o(.text)
    _printf_truncate_signed                  0x08003cf7   Thumb Code    18  _printf_truncate.o(.text)
    _printf_truncate_unsigned                0x08003d09   Thumb Code    18  _printf_truncate.o(.text)
    _printf_str                              0x08003d1b   Thumb Code    82  _printf_str.o(.text)
    _printf_int_common                       0x08003d6d   Thumb Code   178  _printf_intcommon.o(.text)
    _printf_charcount                        0x08003e1f   Thumb Code    40  _printf_charcount.o(.text)
    _printf_char_common                      0x08003e53   Thumb Code    32  _printf_char_common.o(.text)
    _sputc                                   0x08003e79   Thumb Code    10  _sputc.o(.text)
    _printf_char_file                        0x08003e85   Thumb Code    32  _printf_char_file.o(.text)
    _printf_wctomb                           0x08003ea9   Thumb Code   182  _printf_wctomb.o(.text)
    _printf_longlong_dec                     0x08003f65   Thumb Code   108  _printf_longlong_dec.o(.text)
    _printf_longlong_oct                     0x08003fe1   Thumb Code    68  _printf_oct_int_ll.o(.text)
    _printf_int_oct                          0x08004025   Thumb Code    24  _printf_oct_int_ll.o(.text)
    _printf_ll_oct                           0x0800403d   Thumb Code    12  _printf_oct_int_ll.o(.text)
    _ll_udiv10                               0x08004051   Thumb Code   138  lludiv10.o(.text)
    __lib_sel_fp_printf                      0x080040db   Thumb Code     2  _printf_fp_dec.o(.text)
    _printf_fp_dec_real                      0x08004289   Thumb Code   620  _printf_fp_dec.o(.text)
    _printf_fp_hex_real                      0x080044f5   Thumb Code   754  _printf_fp_hex.o(.text)
    _printf_cs_common                        0x080047f1   Thumb Code    20  _printf_char.o(.text)
    _printf_char                             0x08004805   Thumb Code    16  _printf_char.o(.text)
    _printf_string                           0x08004815   Thumb Code     8  _printf_char.o(.text)
    _printf_lcs_common                       0x0800481d   Thumb Code    20  _printf_wchar.o(.text)
    _printf_wchar                            0x08004831   Thumb Code    16  _printf_wchar.o(.text)
    _printf_wstring                          0x08004841   Thumb Code     8  _printf_wchar.o(.text)
    ferror                                   0x08004849   Thumb Code     8  ferror.o(.text)
    _wcrtomb                                 0x08004851   Thumb Code    64  _wcrtomb.o(.text)
    __user_setup_stackheap                   0x08004891   Thumb Code    74  sys_stackheap_outer.o(.text)
    __rt_ctype_table                         0x080048dd   Thumb Code    16  rt_ctype_table.o(.text)
    __rt_locale                              0x080048ed   Thumb Code     8  rt_locale_intlibspace.o(.text)
    _printf_fp_infnan                        0x080048f5   Thumb Code   112  _printf_fp_infnan.o(.text)
    _btod_etento                             0x08004975   Thumb Code   216  bigflt0.o(.text)
    exit                                     0x08004a51   Thumb Code    12  exit.o(.text)
    __user_libspace                          0x08004a5d   Thumb Code     8  libspace.o(.text)
    __user_perproc_libspace                  0x08004a5d   Thumb Code     0  libspace.o(.text)
    __user_perthread_libspace                0x08004a5d   Thumb Code     0  libspace.o(.text)
    strcmp                                   0x08004a65   Thumb Code   128  strcmpv7m.o(.text)
    _btod_d2e                                0x08004ae5   Thumb Code    62  btod.o(CL$$btod_d2e)
    _d2e_denorm_low                          0x08004b23   Thumb Code    70  btod.o(CL$$btod_d2e_denorm_low)
    _d2e_norm_op1                            0x08004b69   Thumb Code    96  btod.o(CL$$btod_d2e_norm_op1)
    __btod_div_common                        0x08004bc9   Thumb Code   696  btod.o(CL$$btod_div_common)
    _e2e                                     0x08004f01   Thumb Code   198  btod.o(CL$$btod_e2e)
    _btod_ediv                               0x08004fc7   Thumb Code    40  btod.o(CL$$btod_ediv)
    _btod_emul                               0x08004fef   Thumb Code    40  btod.o(CL$$btod_emul)
    __btod_mult_common                       0x08005017   Thumb Code   580  btod.o(CL$$btod_mult_common)
    __ARM_fpclassify                         0x0800525b   Thumb Code    40  fpclassify.o(i.__ARM_fpclassify)
    _is_digit                                0x08005283   Thumb Code    14  __printf_wp.o(i._is_digit)
    _get_lc_numeric                          0x08005291   Thumb Code    44  lc_numeric_c.o(locale$$code)
    _get_lc_ctype                            0x080052bd   Thumb Code    44  lc_ctype_c.o(locale$$code)
    __aeabi_dadd                             0x080052e9   Thumb Code     0  daddsub_clz.o(x$fpl$dadd)
    _dadd                                    0x080052e9   Thumb Code   332  daddsub_clz.o(x$fpl$dadd)
    __aeabi_d2uiz                            0x08005439   Thumb Code     0  dfixu.o(x$fpl$dfixu)
    _dfixu                                   0x08005439   Thumb Code    90  dfixu.o(x$fpl$dfixu)
    __aeabi_ui2d                             0x08005493   Thumb Code     0  dflt_clz.o(x$fpl$dfltu)
    _dfltu                                   0x08005493   Thumb Code    38  dflt_clz.o(x$fpl$dfltu)
    __aeabi_dmul                             0x080054b9   Thumb Code     0  dmul.o(x$fpl$dmul)
    _dmul                                    0x080054b9   Thumb Code   332  dmul.o(x$fpl$dmul)
    __fpl_dnaninf                            0x0800560d   Thumb Code   156  dnaninf.o(x$fpl$dnaninf)
    __fpl_dretinf                            0x080056a9   Thumb Code    12  dretinf.o(x$fpl$dretinf)
    __aeabi_drsub                            0x080056b5   Thumb Code     0  daddsub_clz.o(x$fpl$drsb)
    _drsb                                    0x080056b5   Thumb Code    22  daddsub_clz.o(x$fpl$drsb)
    __aeabi_dsub                             0x080056cd   Thumb Code     0  daddsub_clz.o(x$fpl$dsub)
    _dsub                                    0x080056cd   Thumb Code   464  daddsub_clz.o(x$fpl$dsub)
    _printf_fp_dec                           0x080058a1   Thumb Code     4  printf1.o(x$fpl$printf1)
    _printf_fp_hex                           0x080058a5   Thumb Code     4  printf2.o(x$fpl$printf2)
    __I$use$fp                               0x080058a8   Number         0  usenofp.o(x$fpl$usenofp)
    Region$$Table$$Base                      0x080059a8   Number         0  anon$$obj.o(Region$$Table)
    Region$$Table$$Limit                     0x080059c8   Number         0  anon$$obj.o(Region$$Table)
    __ctype                                  0x080059f1   Data           0  lc_ctype_c.o(locale$$data)
    SystemCoreClock                          0x20000000   Data           4  system_stm32f10x.o(.data)
    AHBPrescTable                            0x20000004   Data          16  system_stm32f10x.o(.data)
    f_n                                      0x20000028   Data           1  main.o(.data)
    f_flag                                   0x20000029   Data           1  main.o(.data)
    Ads1292_Config1                          0x2000002a   Data           1  ads1292.o(.data)
    Ads1292_Config2                          0x2000002b   Data           5  ads1292.o(.data)
    Ads1292_Ch1set                           0x20000030   Data           3  ads1292.o(.data)
    Ads1292_Ch2set                           0x20000033   Data           3  ads1292.o(.data)
    Ads1292_Rld_Sens                         0x20000036   Data           6  ads1292.o(.data)
    Ads1292_Loff_Sens                        0x2000003c   Data           6  ads1292.o(.data)
    Ads1292_Resp1                            0x20000042   Data           4  ads1292.o(.data)
    Ads1292_Resp2                            0x20000046   Data           3  ads1292.o(.data)
    ads1292_recive_flag                      0x20000049   Data           1  ads1292.o(.data)
    USART_RX_STA                             0x20000050   Data           2  usart.o(.data)
    USART2_RX_STA                            0x20000052   Data           2  usart.o(.data)
    __stdout                                 0x20000054   Data           4  usart.o(.data)
    y                                        0x20000058   Data          12  main.o(.bss)
    x                                        0x20000064   Data          12  main.o(.bss)
    ADS1292_REG                              0x20000070   Data          12  ads1292.o(.bss)
    ads1292_Cache                            0x2000007c   Data           9  ads1292.o(.bss)
    USART_RX_BUF                             0x20000085   Data         255  usart.o(.bss)
    USART2_RX_BUF                            0x20000184   Data         255  usart.o(.bss)
    USART2_TX_BUF                            0x20000283   Data         255  usart.o(.bss)
    __libspace_start                         0x20000384   Data          96  libspace.o(.bss)
    __temporary_stack_top$libspace           0x200003e4   Data           0  libspace.o(.bss)



==============================================================================

Memory Map of the image

  Image Entry point : 0x08000131

  Load Region LR_IROM1 (Base: 0x08000000, Size: 0x00005b4c, Max: 0x00040000, ABSOLUTE)

    Execution Region ER_IROM1 (Base: 0x08000000, Size: 0x00005af4, Max: 0x00040000, ABSOLUTE)

    Base Addr    Size         Type   Attr      Idx    E Section Name        Object

    0x08000000   0x00000130   Data   RO          105    RESET               startup_stm32f10x_hd.o
    0x08000130   0x00000008   Code   RO          728  * !!!main             c_w.l(__main.o)
    0x08000138   0x00000034   Code   RO         1026    !!!scatter          c_w.l(__scatter.o)
    0x0800016c   0x0000001a   Code   RO         1028    !!handler_copy      c_w.l(__scatter_copy.o)
    0x08000186   0x00000002   PAD
    0x08000188   0x0000001c   Code   RO         1030    !!handler_zi        c_w.l(__scatter_zi.o)
    0x080001a4   0x00000000   Code   RO          721    .ARM.Collect$$_printf_percent$$00000000  c_w.l(_printf_percent.o)
    0x080001a4   0x00000006   Code   RO          780    .ARM.Collect$$_printf_percent$$00000001  c_w.l(_printf_n.o)
    0x080001aa   0x00000006   Code   RO          781    .ARM.Collect$$_printf_percent$$00000002  c_w.l(_printf_p.o)
    0x080001b0   0x00000006   Code   RO          785    .ARM.Collect$$_printf_percent$$00000003  c_w.l(_printf_f.o)
    0x080001b6   0x00000006   Code   RO          786    .ARM.Collect$$_printf_percent$$00000004  c_w.l(_printf_e.o)
    0x080001bc   0x00000006   Code   RO          787    .ARM.Collect$$_printf_percent$$00000005  c_w.l(_printf_g.o)
    0x080001c2   0x00000006   Code   RO          788    .ARM.Collect$$_printf_percent$$00000006  c_w.l(_printf_a.o)
    0x080001c8   0x0000000a   Code   RO          793    .ARM.Collect$$_printf_percent$$00000007  c_w.l(_printf_ll.o)
    0x080001d2   0x00000006   Code   RO          783    .ARM.Collect$$_printf_percent$$00000008  c_w.l(_printf_i.o)
    0x080001d8   0x00000006   Code   RO          720    .ARM.Collect$$_printf_percent$$00000009  c_w.l(_printf_d.o)
    0x080001de   0x00000006   Code   RO          784    .ARM.Collect$$_printf_percent$$0000000A  c_w.l(_printf_u.o)
    0x080001e4   0x00000006   Code   RO          782    .ARM.Collect$$_printf_percent$$0000000B  c_w.l(_printf_o.o)
    0x080001ea   0x00000006   Code   RO          719    .ARM.Collect$$_printf_percent$$0000000C  c_w.l(_printf_x.o)
    0x080001f0   0x00000006   Code   RO          790    .ARM.Collect$$_printf_percent$$0000000D  c_w.l(_printf_lli.o)
    0x080001f6   0x00000006   Code   RO          791    .ARM.Collect$$_printf_percent$$0000000E  c_w.l(_printf_lld.o)
    0x080001fc   0x00000006   Code   RO          792    .ARM.Collect$$_printf_percent$$0000000F  c_w.l(_printf_llu.o)
    0x08000202   0x00000006   Code   RO          797    .ARM.Collect$$_printf_percent$$00000010  c_w.l(_printf_llo.o)
    0x08000208   0x00000006   Code   RO          798    .ARM.Collect$$_printf_percent$$00000011  c_w.l(_printf_llx.o)
    0x0800020e   0x0000000a   Code   RO          794    .ARM.Collect$$_printf_percent$$00000012  c_w.l(_printf_l.o)
    0x08000218   0x00000006   Code   RO          778    .ARM.Collect$$_printf_percent$$00000013  c_w.l(_printf_c.o)
    0x0800021e   0x00000006   Code   RO          779    .ARM.Collect$$_printf_percent$$00000014  c_w.l(_printf_s.o)
    0x08000224   0x00000006   Code   RO          795    .ARM.Collect$$_printf_percent$$00000015  c_w.l(_printf_lc.o)
    0x0800022a   0x00000006   Code   RO          796    .ARM.Collect$$_printf_percent$$00000016  c_w.l(_printf_ls.o)
    0x08000230   0x00000004   Code   RO          789    .ARM.Collect$$_printf_percent$$00000017  c_w.l(_printf_percent_end.o)
    0x08000234   0x00000002   Code   RO          892    .ARM.Collect$$libinit$$00000000  c_w.l(libinit.o)
    0x08000236   0x00000000   Code   RO          908    .ARM.Collect$$libinit$$00000002  c_w.l(libinit2.o)
    0x08000236   0x00000000   Code   RO          910    .ARM.Collect$$libinit$$00000004  c_w.l(libinit2.o)
    0x08000236   0x00000000   Code   RO          913    .ARM.Collect$$libinit$$0000000A  c_w.l(libinit2.o)
    0x08000236   0x00000000   Code   RO          915    .ARM.Collect$$libinit$$0000000C  c_w.l(libinit2.o)
    0x08000236   0x00000000   Code   RO          917    .ARM.Collect$$libinit$$0000000E  c_w.l(libinit2.o)
    0x08000236   0x00000006   Code   RO          918    .ARM.Collect$$libinit$$0000000F  c_w.l(libinit2.o)
    0x0800023c   0x00000000   Code   RO          920    .ARM.Collect$$libinit$$00000011  c_w.l(libinit2.o)
    0x0800023c   0x0000000c   Code   RO          921    .ARM.Collect$$libinit$$00000012  c_w.l(libinit2.o)
    0x08000248   0x00000000   Code   RO          922    .ARM.Collect$$libinit$$00000013  c_w.l(libinit2.o)
    0x08000248   0x00000000   Code   RO          924    .ARM.Collect$$libinit$$00000015  c_w.l(libinit2.o)
    0x08000248   0x0000000a   Code   RO          925    .ARM.Collect$$libinit$$00000016  c_w.l(libinit2.o)
    0x08000252   0x00000000   Code   RO          926    .ARM.Collect$$libinit$$00000017  c_w.l(libinit2.o)
    0x08000252   0x00000000   Code   RO          928    .ARM.Collect$$libinit$$00000019  c_w.l(libinit2.o)
    0x08000252   0x00000000   Code   RO          930    .ARM.Collect$$libinit$$0000001B  c_w.l(libinit2.o)
    0x08000252   0x00000000   Code   RO          932    .ARM.Collect$$libinit$$0000001D  c_w.l(libinit2.o)
    0x08000252   0x00000000   Code   RO          934    .ARM.Collect$$libinit$$0000001F  c_w.l(libinit2.o)
    0x08000252   0x00000000   Code   RO          936    .ARM.Collect$$libinit$$00000021  c_w.l(libinit2.o)
    0x08000252   0x00000000   Code   RO          938    .ARM.Collect$$libinit$$00000023  c_w.l(libinit2.o)
    0x08000252   0x00000000   Code   RO          940    .ARM.Collect$$libinit$$00000025  c_w.l(libinit2.o)
    0x08000252   0x00000000   Code   RO          944    .ARM.Collect$$libinit$$0000002C  c_w.l(libinit2.o)
    0x08000252   0x00000000   Code   RO          946    .ARM.Collect$$libinit$$0000002E  c_w.l(libinit2.o)
    0x08000252   0x00000000   Code   RO          948    .ARM.Collect$$libinit$$00000030  c_w.l(libinit2.o)
    0x08000252   0x00000000   Code   RO          950    .ARM.Collect$$libinit$$00000032  c_w.l(libinit2.o)
    0x08000252   0x00000002   Code   RO          951    .ARM.Collect$$libinit$$00000033  c_w.l(libinit2.o)
    0x08000254   0x00000002   Code   RO          969    .ARM.Collect$$libshutdown$$00000000  c_w.l(libshutdown.o)
    0x08000256   0x00000000   Code   RO          980    .ARM.Collect$$libshutdown$$00000003  c_w.l(libshutdown2.o)
    0x08000256   0x00000000   Code   RO          983    .ARM.Collect$$libshutdown$$00000006  c_w.l(libshutdown2.o)
    0x08000256   0x00000000   Code   RO          986    .ARM.Collect$$libshutdown$$00000009  c_w.l(libshutdown2.o)
    0x08000256   0x00000000   Code   RO          988    .ARM.Collect$$libshutdown$$0000000B  c_w.l(libshutdown2.o)
    0x08000256   0x00000000   Code   RO          991    .ARM.Collect$$libshutdown$$0000000E  c_w.l(libshutdown2.o)
    0x08000256   0x00000002   Code   RO          992    .ARM.Collect$$libshutdown$$0000000F  c_w.l(libshutdown2.o)
    0x08000258   0x00000000   Code   RO          750    .ARM.Collect$$rtentry$$00000000  c_w.l(__rtentry.o)
    0x08000258   0x00000000   Code   RO          813    .ARM.Collect$$rtentry$$00000002  c_w.l(__rtentry2.o)
    0x08000258   0x00000006   Code   RO          825    .ARM.Collect$$rtentry$$00000004  c_w.l(__rtentry4.o)
    0x0800025e   0x00000000   Code   RO          815    .ARM.Collect$$rtentry$$00000009  c_w.l(__rtentry2.o)
    0x0800025e   0x00000004   Code   RO          816    .ARM.Collect$$rtentry$$0000000A  c_w.l(__rtentry2.o)
    0x08000262   0x00000000   Code   RO          818    .ARM.Collect$$rtentry$$0000000C  c_w.l(__rtentry2.o)
    0x08000262   0x00000008   Code   RO          819    .ARM.Collect$$rtentry$$0000000D  c_w.l(__rtentry2.o)
    0x0800026a   0x00000002   Code   RO          900    .ARM.Collect$$rtexit$$00000000  c_w.l(rtexit.o)
    0x0800026c   0x00000000   Code   RO          953    .ARM.Collect$$rtexit$$00000002  c_w.l(rtexit2.o)
    0x0800026c   0x00000004   Code   RO          954    .ARM.Collect$$rtexit$$00000003  c_w.l(rtexit2.o)
    0x08000270   0x00000006   Code   RO          955    .ARM.Collect$$rtexit$$00000004  c_w.l(rtexit2.o)
    0x08000276   0x0000001a   Code   RO           17    .text               stm32f10x_it.o
    0x08000290   0x000001e0   Code   RO           85    .text               system_stm32f10x.o
    0x08000470   0x00000040   Code   RO          106    .text               startup_stm32f10x_hd.o
    0x080004b0   0x000000dc   Code   RO          110    .text               misc.o
    0x0800058c   0x0000044e   Code   RO          145    .text               stm32f10x_adc.o
    0x080009da   0x00000002   PAD
    0x080009dc   0x0000011c   Code   RO          256    .text               stm32f10x_exti.o
    0x08000af8   0x0000035c   Code   RO          295    .text               stm32f10x_gpio.o
    0x08000e54   0x000003a4   Code   RO          349    .text               stm32f10x_rcc.o
    0x080011f8   0x0000030c   Code   RO          390    .text               stm32f10x_spi.o
    0x08001504   0x00000e1a   Code   RO          402    .text               stm32f10x_tim.o
    0x0800231e   0x00000002   PAD
    0x08002320   0x00000408   Code   RO          414    .text               stm32f10x_usart.o
    0x08002728   0x00000444   Code   RO          441    .text               main.o
    0x08002b6c   0x00000648   Code   RO          500    .text               ads1292.o
    0x080031b4   0x0000013c   Code   RO          543    .text               delay.o
    0x080032f0   0x0000007c   Code   RO          557    .text               dma.o
    0x0800336c   0x000000d0   Code   RO          599    .text               spi.o
    0x0800343c   0x0000012c   Code   RO          611    .text               timer.o
    0x08003568   0x000002f0   Code   RO          623    .text               usart.o
    0x08003858   0x000000e8   Code   RO          652    .text               adc.o
    0x08003940   0x00000002   Code   RO          666    .text               c_w.l(use_no_semi_2.o)
    0x08003942   0x00000002   PAD
    0x08003944   0x00000024   Code   RO          668    .text               c_w.l(vsprintf.o)
    0x08003968   0x00000018   Code   RO          670    .text               c_w.l(__2printf.o)
    0x08003980   0x00000078   Code   RO          676    .text               c_w.l(_printf_dec.o)
    0x080039f8   0x00000094   Code   RO          696    .text               c_w.l(_printf_hex_int_ll_ptr.o)
    0x08003a8c   0x00000188   Code   RO          716    .text               c_w.l(__printf_flags_ss_wp.o)
    0x08003c14   0x0000003e   Code   RO          722    .text               c_w.l(strlen.o)
    0x08003c52   0x0000004e   Code   RO          724    .text               c_w.l(rt_memclr_w.o)
    0x08003ca0   0x00000006   Code   RO          726    .text               c_w.l(heapauxi.o)
    0x08003ca6   0x00000002   Code   RO          748    .text               c_w.l(use_no_semi.o)
    0x08003ca8   0x0000004e   Code   RO          751    .text               c_w.l(_printf_pad.o)
    0x08003cf6   0x00000024   Code   RO          753    .text               c_w.l(_printf_truncate.o)
    0x08003d1a   0x00000052   Code   RO          755    .text               c_w.l(_printf_str.o)
    0x08003d6c   0x000000b2   Code   RO          757    .text               c_w.l(_printf_intcommon.o)
    0x08003e1e   0x00000028   Code   RO          759    .text               c_w.l(_printf_charcount.o)
    0x08003e46   0x00000002   PAD
    0x08003e48   0x00000030   Code   RO          761    .text               c_w.l(_printf_char_common.o)
    0x08003e78   0x0000000a   Code   RO          763    .text               c_w.l(_sputc.o)
    0x08003e82   0x00000002   PAD
    0x08003e84   0x00000024   Code   RO          765    .text               c_w.l(_printf_char_file.o)
    0x08003ea8   0x000000bc   Code   RO          767    .text               c_w.l(_printf_wctomb.o)
    0x08003f64   0x0000007c   Code   RO          770    .text               c_w.l(_printf_longlong_dec.o)
    0x08003fe0   0x00000070   Code   RO          776    .text               c_w.l(_printf_oct_int_ll.o)
    0x08004050   0x0000008a   Code   RO          827    .text               c_w.l(lludiv10.o)
    0x080040da   0x0000041a   Code   RO          829    .text               c_w.l(_printf_fp_dec.o)
    0x080044f4   0x000002fc   Code   RO          831    .text               c_w.l(_printf_fp_hex.o)
    0x080047f0   0x0000002c   Code   RO          836    .text               c_w.l(_printf_char.o)
    0x0800481c   0x0000002c   Code   RO          838    .text               c_w.l(_printf_wchar.o)
    0x08004848   0x00000008   Code   RO          840    .text               c_w.l(ferror.o)
    0x08004850   0x00000040   Code   RO          844    .text               c_w.l(_wcrtomb.o)
    0x08004890   0x0000004a   Code   RO          846    .text               c_w.l(sys_stackheap_outer.o)
    0x080048da   0x00000002   PAD
    0x080048dc   0x00000010   Code   RO          848    .text               c_w.l(rt_ctype_table.o)
    0x080048ec   0x00000008   Code   RO          853    .text               c_w.l(rt_locale_intlibspace.o)
    0x080048f4   0x00000080   Code   RO          855    .text               c_w.l(_printf_fp_infnan.o)
    0x08004974   0x000000dc   Code   RO          857    .text               c_w.l(bigflt0.o)
    0x08004a50   0x0000000c   Code   RO          885    .text               c_w.l(exit.o)
    0x08004a5c   0x00000008   Code   RO          897    .text               c_w.l(libspace.o)
    0x08004a64   0x00000080   Code   RO          905    .text               c_w.l(strcmpv7m.o)
    0x08004ae4   0x0000003e   Code   RO          860    CL$$btod_d2e        c_w.l(btod.o)
    0x08004b22   0x00000046   Code   RO          862    CL$$btod_d2e_denorm_low  c_w.l(btod.o)
    0x08004b68   0x00000060   Code   RO          861    CL$$btod_d2e_norm_op1  c_w.l(btod.o)
    0x08004bc8   0x00000338   Code   RO          870    CL$$btod_div_common  c_w.l(btod.o)
    0x08004f00   0x000000c6   Code   RO          867    CL$$btod_e2e        c_w.l(btod.o)
    0x08004fc6   0x00000028   Code   RO          864    CL$$btod_ediv       c_w.l(btod.o)
    0x08004fee   0x00000028   Code   RO          863    CL$$btod_emul       c_w.l(btod.o)
    0x08005016   0x00000244   Code   RO          869    CL$$btod_mult_common  c_w.l(btod.o)
    0x0800525a   0x00000028   Code   RO          895    i.__ARM_fpclassify  m_ws.l(fpclassify.o)
    0x08005282   0x0000000e   Code   RO          709    i._is_digit         c_w.l(__printf_wp.o)
    0x08005290   0x0000002c   Code   RO          883    locale$$code        c_w.l(lc_numeric_c.o)
    0x080052bc   0x0000002c   Code   RO          903    locale$$code        c_w.l(lc_ctype_c.o)
    0x080052e8   0x00000150   Code   RO          730    x$fpl$dadd          fz_ws.l(daddsub_clz.o)
    0x08005438   0x0000005a   Code   RO          736    x$fpl$dfixu         fz_ws.l(dfixu.o)
    0x08005492   0x00000026   Code   RO          740    x$fpl$dfltu         fz_ws.l(dflt_clz.o)
    0x080054b8   0x00000154   Code   RO          746    x$fpl$dmul          fz_ws.l(dmul.o)
    0x0800560c   0x0000009c   Code   RO          799    x$fpl$dnaninf       fz_ws.l(dnaninf.o)
    0x080056a8   0x0000000c   Code   RO          801    x$fpl$dretinf       fz_ws.l(dretinf.o)
    0x080056b4   0x00000016   Code   RO          731    x$fpl$drsb          fz_ws.l(daddsub_clz.o)
    0x080056ca   0x00000002   PAD
    0x080056cc   0x000001d4   Code   RO          732    x$fpl$dsub          fz_ws.l(daddsub_clz.o)
    0x080058a0   0x00000004   Code   RO          803    x$fpl$printf1       fz_ws.l(printf1.o)
    0x080058a4   0x00000004   Code   RO          805    x$fpl$printf2       fz_ws.l(printf2.o)
    0x080058a8   0x00000000   Code   RO          811    x$fpl$usenofp       fz_ws.l(usenofp.o)
    0x080058a8   0x00000028   Data   RO          697    .constdata          c_w.l(_printf_hex_int_ll_ptr.o)
    0x080058d0   0x00000011   Data   RO          717    .constdata          c_w.l(__printf_flags_ss_wp.o)
    0x080058e1   0x00000003   PAD
    0x080058e4   0x00000008   Data   RO          768    .constdata          c_w.l(_printf_wctomb.o)
    0x080058ec   0x00000026   Data   RO          832    .constdata          c_w.l(_printf_fp_hex.o)
    0x08005912   0x00000002   PAD
    0x08005914   0x00000094   Data   RO          858    .constdata          c_w.l(bigflt0.o)
    0x080059a8   0x00000020   Data   RO         1024    Region$$Table       anon$$obj.o
    0x080059c8   0x0000001c   Data   RO          882    locale$$data        c_w.l(lc_numeric_c.o)
    0x080059e4   0x00000110   Data   RO          902    locale$$data        c_w.l(lc_ctype_c.o)


    Execution Region RW_IRAM1 (Base: 0x20000000, Size: 0x000009e8, Max: 0x0000c000, ABSOLUTE)

    Base Addr    Size         Type   Attr      Idx    E Section Name        Object

    0x20000000   0x00000014   Data   RW           86    .data               system_stm32f10x.o
    0x20000014   0x00000014   Data   RW          350    .data               stm32f10x_rcc.o
    0x20000028   0x00000002   Data   RW          443    .data               main.o
    0x2000002a   0x00000020   Data   RW          502    .data               ads1292.o
    0x2000004a   0x00000004   Data   RW          544    .data               delay.o
    0x2000004e   0x00000002   PAD
    0x20000050   0x00000008   Data   RW          625    .data               usart.o
    0x20000058   0x00000018   Zero   RW          442    .bss                main.o
    0x20000070   0x00000015   Zero   RW          501    .bss                ads1292.o
    0x20000085   0x000002fd   Zero   RW          624    .bss                usart.o
    0x20000382   0x00000002   PAD
    0x20000384   0x00000060   Zero   RW          898    .bss                c_w.l(libspace.o)
    0x200003e4   0x00000004   PAD
    0x200003e8   0x00000200   Zero   RW          104    HEAP                startup_stm32f10x_hd.o
    0x200005e8   0x00000400   Zero   RW          103    STACK               startup_stm32f10x_hd.o


==============================================================================

Image component sizes


      Code (inc. data)   RO Data    RW Data    ZI Data      Debug   Object Name

       232          8          0          0          0       1023   adc.o
      1608        182          0         32         21       7735   ads1292.o
         0          0          0          0          0       4536   core_cm3.o
       316         16          0          4          0       1139   delay.o
       124          4          0          0          0       1080   dma.o
      1092        136          0          2         24       2353   main.o
       220         22          0          0          0     217637   misc.o
       208         10          0          0          0        871   spi.o
        64         26        304          0       1536        764   startup_stm32f10x_hd.o
      1102         26          0          0          0      10777   stm32f10x_adc.o
       284         10          0          0          0       2179   stm32f10x_exti.o
       860         38          0          0          0       5589   stm32f10x_gpio.o
        26          0          0          0          0      51482   stm32f10x_it.o
       932         36          0         20          0       8736   stm32f10x_rcc.o
       780         14          0          0          0       6470   stm32f10x_spi.o
      3610         88          0          0          0      22076   stm32f10x_tim.o
      1032         22          0          0          0       8312   stm32f10x_usart.o
       480         38          0         20          0       1707   system_stm32f10x.o
       300          8          0          0          0       1158   timer.o
       752         34          0          8        765       4996   usart.o

    ----------------------------------------------------------------------
     14026        718        336         88       2348     360620   Object Totals
         0          0         32          0          0          0   (incl. Generated)
         4          0          0          2          2          0   (incl. Padding)

    ----------------------------------------------------------------------

      Code (inc. data)   RO Data    RW Data    ZI Data      Debug   Library Member Name

        24          4          0          0          0         84   __2printf.o
         8          0          0          0          0         68   __main.o
       392          4         17          0          0         92   __printf_flags_ss_wp.o
        14          0          0          0          0         68   __printf_wp.o
         0          0          0          0          0          0   __rtentry.o
        12          0          0          0          0          0   __rtentry2.o
         6          0          0          0          0          0   __rtentry4.o
        52          8          0          0          0          0   __scatter.o
        26          0          0          0          0          0   __scatter_copy.o
        28          0          0          0          0          0   __scatter_zi.o
         6          0          0          0          0          0   _printf_a.o
         6          0          0          0          0          0   _printf_c.o
        44          0          0          0          0        108   _printf_char.o
        48          6          0          0          0         96   _printf_char_common.o
        36          4          0          0          0         80   _printf_char_file.o
        40          0          0          0          0         68   _printf_charcount.o
         6          0          0          0          0          0   _printf_d.o
       120         16          0          0          0         92   _printf_dec.o
         6          0          0          0          0          0   _printf_e.o
         6          0          0          0          0          0   _printf_f.o
      1050          0          0          0          0        216   _printf_fp_dec.o
       764         10         38          0          0        100   _printf_fp_hex.o
       128         16          0          0          0         84   _printf_fp_infnan.o
         6          0          0          0          0          0   _printf_g.o
       148          4         40          0          0        160   _printf_hex_int_ll_ptr.o
         6          0          0          0          0          0   _printf_i.o
       178          0          0          0          0         88   _printf_intcommon.o
        10          0          0          0          0          0   _printf_l.o
         6          0          0          0          0          0   _printf_lc.o
        10          0          0          0          0          0   _printf_ll.o
         6          0          0          0          0          0   _printf_lld.o
         6          0          0          0          0          0   _printf_lli.o
         6          0          0          0          0          0   _printf_llo.o
         6          0          0          0          0          0   _printf_llu.o
         6          0          0          0          0          0   _printf_llx.o
       124         16          0          0          0         92   _printf_longlong_dec.o
         6          0          0          0          0          0   _printf_ls.o
         6          0          0          0          0          0   _printf_n.o
         6          0          0          0          0          0   _printf_o.o
       112          8          0          0          0        124   _printf_oct_int_ll.o
         6          0          0          0          0          0   _printf_p.o
        78          0          0          0          0        108   _printf_pad.o
         0          0          0          0          0          0   _printf_percent.o
         4          0          0          0          0          0   _printf_percent_end.o
         6          0          0          0          0          0   _printf_s.o
        82          0          0          0          0         80   _printf_str.o
        36          0          0          0          0         84   _printf_truncate.o
         6          0          0          0          0          0   _printf_u.o
        44          0          0          0          0        108   _printf_wchar.o
       188          6          8          0          0         92   _printf_wctomb.o
         6          0          0          0          0          0   _printf_x.o
        10          0          0          0          0         68   _sputc.o
        64          0          0          0          0         92   _wcrtomb.o
       220          4        148          0          0         96   bigflt0.o
      1910        128          0          0          0        672   btod.o
        12          0          0          0          0         72   exit.o
         8          0          0          0          0         68   ferror.o
         6          0          0          0          0        152   heapauxi.o
        44         10        272          0          0         76   lc_ctype_c.o
        44         10         28          0          0         76   lc_numeric_c.o
         2          0          0          0          0          0   libinit.o
        30          0          0          0          0          0   libinit2.o
         2          0          0          0          0          0   libshutdown.o
         2          0          0          0          0          0   libshutdown2.o
         8          4          0          0         96         68   libspace.o
       138          0          0          0          0         80   lludiv10.o
        16          4          0          0          0         76   rt_ctype_table.o
         8          4          0          0          0         68   rt_locale_intlibspace.o
        78          0          0          0          0         80   rt_memclr_w.o
         2          0          0          0          0          0   rtexit.o
        10          0          0          0          0          0   rtexit2.o
       128          0          0          0          0         68   strcmpv7m.o
        62          0          0          0          0         76   strlen.o
        74          0          0          0          0         80   sys_stackheap_outer.o
         2          0          0          0          0         68   use_no_semi.o
         2          0          0          0          0         68   use_no_semi_2.o
        36          4          0          0          0         76   vsprintf.o
       826         16          0          0          0        348   daddsub_clz.o
        90          4          0          0          0         92   dfixu.o
        38          0          0          0          0         68   dflt_clz.o
       340         12          0          0          0        104   dmul.o
       156          4          0          0          0         92   dnaninf.o
        12          0          0          0          0         68   dretinf.o
         4          0          0          0          0         68   printf1.o
         4          0          0          0          0         68   printf2.o
         0          0          0          0          0          0   usenofp.o
        40          0          0          0          0         68   fpclassify.o

    ----------------------------------------------------------------------
      8366        306        556          0        100       5248   Library Totals
        12          0          5          0          4          0   (incl. Padding)

    ----------------------------------------------------------------------

      Code (inc. data)   RO Data    RW Data    ZI Data      Debug   Library Name

      6844        270        551          0         96       4272   c_w.l
      1470         36          0          0          0        908   fz_ws.l
        40          0          0          0          0         68   m_ws.l

    ----------------------------------------------------------------------
      8366        306        556          0        100       5248   Library Totals

    ----------------------------------------------------------------------

==============================================================================


      Code (inc. data)   RO Data    RW Data    ZI Data      Debug   

     22392       1024        892         88       2448     361184   Grand Totals
     22392       1024        892         88       2448     361184   ELF Image Totals
     22392       1024        892         88          0          0   ROM Totals

==============================================================================

    Total RO  Size (Code + RO Data)                23284 (  22.74kB)
    Total RW  Size (RW Data + ZI Data)              2536 (   2.48kB)
    Total ROM Size (Code + RO Data + RW Data)      23372 (  22.82kB)

==============================================================================

